Microchip MPLAB XC8 Compiler V2.10 ()

Linker command line:

-W-3 --edf=C:\Program Files (x86)\Microchip\xc8\v2.10\pic\dat\en_msgs.txt \
  -cs -h+dist/default/production\RVLPMS_FIRMWARE.production.sym \
  --cmf=dist/default/production\RVLPMS_FIRMWARE.production.cmf -z \
  -Q16F15324 -oC:\Users\Gunnar\AppData\Local\Temp\sb3o.2 \
  --defsym=__MPLAB_BUILD=1 \
  -Mdist/default/production/RVLPMS_FIRMWARE.production.map -E1 -ver=XC8 \
  --acfsm=1493 -ASTACK=020D4h-021EFh -pstack=STACK -ACODE=00h-07FFhx2 \
  -ASTRCODE=00h-0FFFh -ASTRING=00h-0FFhx16 -ACONST=00h-0FFhx16 \
  -AENTRY=00h-0FFhx16 -ACOMMON=070h-07Fh -ABANK0=021h-06Fh \
  -ABANK1=0A0h-0EFh -ABANK2=0120h-016Fh -ABANK3=01A0h-01EFh \
  -ABANK4=0220h-026Fh -ABANK5=02A0h-02EFh -ABANK6=0320h-032Fh \
  -ABIGRAM=02001h-021EFh \
  -ARAM=021h-06Fh,0A0h-0EFh,0120h-016Fh,01A0h-01EFh,0220h-026Fh,02A0h-02EFh,0320h-032Fh \
  -AABS1=020h-07Fh,0A0h-0EFh,0120h-016Fh,01A0h-01EFh,0220h-026Fh,02A0h-02EFh,0320h-032Fh \
  -ASFR0=00h-020h -ASFR1=080h-09Fh -ASFR2=0100h-011Fh -ASFR3=0180h-019Fh \
  -ASFR4=0200h-021Fh -ASFR5=0280h-029Fh -ASFR6=0300h-031Fh \
  -ASFR7=0380h-03EFh -ASFR8=0400h-046Fh -ASFR9=0480h-04EFh \
  -ASFR10=0500h-056Fh -ASFR11=0580h-05EFh -ASFR12=0600h-066Fh \
  -ASFR13=0680h-06EFh -ASFR14=0700h-076Fh -ASFR15=0780h-07EFh \
  -ASFR16=0800h-086Fh -ASFR17=0880h-08EFh -ASFR18=0900h-096Fh \
  -ASFR19=0980h-09EFh -ASFR20=0A00h-0A6Fh -ASFR21=0A80h-0AEFh \
  -ASFR22=0B00h-0B6Fh -ASFR23=0B80h-0BEFh -ASFR24=0C00h-0C6Fh \
  -ASFR25=0C80h-0CEFh -ASFR26=0D00h-0D6Fh -ASFR27=0D80h-0DEFh \
  -ASFR28=0E00h-0E6Fh -ASFR29=0E80h-0EEFh -ASFR30=0F00h-0F6Fh \
  -ASFR31=0F80h-0FEFh -ASFR32=01000h-0106Fh -ASFR33=01080h-010EFh \
  -ASFR34=01100h-0116Fh -ASFR35=01180h-011EFh -ASFR36=01200h-0126Fh \
  -ASFR37=01280h-012EFh -ASFR38=01300h-0136Fh -ASFR39=01380h-013EFh \
  -ASFR40=01400h-0146Fh -ASFR41=01480h-014EFh -ASFR42=01500h-0156Fh \
  -ASFR43=01580h-015EFh -ASFR44=01600h-0166Fh -ASFR45=01680h-016EFh \
  -ASFR46=01700h-0176Fh -ASFR47=01780h-017EFh -ASFR48=01800h-0186Fh \
  -ASFR49=01880h-018EFh -ASFR50=01900h-0196Fh -ASFR51=01980h-019EFh \
  -ASFR52=01A00h-01A6Fh -ASFR53=01A80h-01AEFh -ASFR54=01B00h-01B6Fh \
  -ASFR55=01B80h-01BEFh -ASFR56=01C00h-01C6Fh -ASFR57=01C80h-01CEFh \
  -ASFR58=01D00h-01D6Fh -ASFR59=01D80h-01DEFh -ASFR60=01E00h-01E6Fh \
  -ASFR61=01E80h-01EEFh -ASFR62=01F00h-01F6Fh -ASFR63=01F80h-01FEFh \
  -preset_vec=00h,intentry=04h,init,end_init -ppowerup=CODE -pcinit=CODE \
  -pfunctab=ENTRY -ACONFIG=08007h-0800Bh -pconfig=CONFIG -DCONFIG=2 \
  -AIDLOC=08000h-08003h -pidloc=IDLOC -DIDLOC=2 -DCODE=2 -DSTRCODE=2 \
  -DSTRING=2 -DCONST=2 -DENTRY=2 -k \
  C:\Users\Gunnar\AppData\Local\Temp\sb3o.o \
  dist/default/production\RVLPMS_FIRMWARE.production.o 

Object code version is 3.11

Machine type is 16F15324



                Name                               Link     Load   Length Selector   Space Scale
C:\Users\Gunnar\AppData\Local\Temp\sb3o.o
                end_init                             25       25        2        8       0
                init                                 22       22        3        8       0
                reset_vec                             0        0        3        0       0
                config                             8007     8007        5    1000E       0
dist/default/production\RVLPMS_FIRMWARE.production.o
                cinit                                27       27       31        8       0
                intentry                              4        4       1E        8       0
                text51                              D04      D04       24     1A08       0
                text50                              B83      B83        C     1706       0
                text49                              B25      B25        6     164A       0
                text48                              B2B      B2B        6     1656       0
                text47                              B56      B56        8     16AC       0
                text46                              B9B      B9B       14     1736       0
                text45                              EFE      EFE       52     1DFC       0
                text44                              B1D      B1D        4     163A       0
                text43                              B21      B21        4     1642       0
                text42                              C83      C83       1F     1906       0
                text41                              D4C      D4C       25     1A98       0
                text40                              CC1      CC1       20     1982       0
                text39                              B6E      B6E        A     16DC       0
                text38                              BC3      BC3       16     1786       0
                text37                              43A      43A       80        8       0
                text36                              FA5      FA5       5B     1F4A       0
                text35                              DC6      DC6       2F     1B8C       0
                text34                              EB8      EB8       46     1D70       0
                text33                              D9B      D9B       2B     1B36       0
                text32                              B5E      B5E        8     16BC       0
                text31                              B4F      B4F        7     169E       0
                text30                              E74      E74       44     1CE8       0
                text29                              BD9      BD9       16     17B2       0
                text28                              623      623       71        8       0
                text27                              703      703       6A        8       0
                text26                              76D      76D       60        8       0
                text25                              CA2      CA2       1F     1944       0
                text24                              D28      D28       24     1A50       0
                text23                              537      537       79        8       0
                text22                              E31      E31       43     1C62       0
                text21                              D71      D71       2A     1AE2       0
                text20                              B8F      B8F        C     171E       0
                text19                              C4F      C4F       1A     189E       0
                text18                              B31      B31        6     1662       0
                text17                              BAF      BAF       14     175E       0
                text16                              B37      B37        6     166E       0
                text15                              B3D      B3D        6     167A       0
                text14                              5B0      5B0       73        8       0
                text13                              BEF      BEF       18     17DE       0
                text12                              7CD      7CD       33        8       0
                text11                              DF5      DF5       3C     1BEA       0
                text10                              F50      F50       55     1EA0       0
                text9                               C07      C07       18     180E       0
                text8                               C1F      C1F       18     183E       0
                text7                               C37      C37       18     186E       0
                text6                               694      694       6F        8       0
                text5                               4BA      4BA       7D        8       0
                text4                               226      226      119        8       0
                text3                               33F      33F       FB        8       0
                text2                               CE1      CE1       23     19C2       0
                text1                               C69      C69       1A     18D2       0
                maintext                             58       58      1CE        8       0
                cstackBANK0                          21       21       4A       21       1
                cstackCOMMON                         70       70        E       70       1
                cstackBANK1                          A0       A0       2A       A0       1
                clrtext                             B43      B43        6     1686       0
                inittext                            B49      B49        6     1692       0
                dataBANK2                           149      149        B      120       1
                bssBANK2                            120      120       29      120       1
                dataBANK1                            E8       E8        8       A0       1
                bssBANK1                             CA       CA       1E       A0       1
                bssBANK0                             6B       6B        5       21       1
                idataBANK2                          B78      B78        B     16F0       0
                idataBANK1                          B66      B66        8     16CC       0

TOTAL           Name                               Link     Load   Length     Space
        CLASS   STACK          

        CLASS   CODE           
                end_init                             25       25        2         0
                cinit                                27       27       31         0
                init                                 22       22        3         0
                intentry                              4        4       1E         0
                reset_vec                             0        0        3         0
                text51                              D04      D04       24         0
                text50                              B83      B83        C         0
                text49                              B25      B25        6         0
                text48                              B2B      B2B        6         0
                text47                              B56      B56        8         0
                text46                              B9B      B9B       14         0
                text45                              EFE      EFE       52         0
                text44                              B1D      B1D        4         0
                text43                              B21      B21        4         0
                text42                              C83      C83       1F         0
                text41                              D4C      D4C       25         0
                text40                              CC1      CC1       20         0
                text39                              B6E      B6E        A         0
                text38                              BC3      BC3       16         0
                text37                              43A      43A       80         0
                text36                              FA5      FA5       5B         0
                text35                              DC6      DC6       2F         0
                text34                              EB8      EB8       46         0
                text33                              D9B      D9B       2B         0
                text32                              B5E      B5E        8         0
                text31                              B4F      B4F        7         0
                text30                              E74      E74       44         0
                text29                              BD9      BD9       16         0
                text28                              623      623       71         0
                text27                              703      703       6A         0
                text26                              76D      76D       60         0
                text25                              CA2      CA2       1F         0
                text24                              D28      D28       24         0
                text23                              537      537       79         0
                text22                              E31      E31       43         0
                text21                              D71      D71       2A         0
                text20                              B8F      B8F        C         0
                text19                              C4F      C4F       1A         0
                text18                              B31      B31        6         0
                text17                              BAF      BAF       14         0
                text16                              B37      B37        6         0
                text15                              B3D      B3D        6         0
                text14                              5B0      5B0       73         0
                text13                              BEF      BEF       18         0
                text12                              7CD      7CD       33         0
                text11                              DF5      DF5       3C         0
                text10                              F50      F50       55         0
                text9                               C07      C07       18         0
                text8                               C1F      C1F       18         0
                text7                               C37      C37       18         0
                text6                               694      694       6F         0
                text5                               4BA      4BA       7D         0
                text4                               226      226      119         0
                text3                               33F      33F       FB         0
                text2                               CE1      CE1       23         0
                text1                               C69      C69       1A         0
                maintext                             58       58      1CE         0
                clrtext                             B43      B43        6         0
                inittext                            B49      B49        6         0
                idataBANK2                          B78      B78        B         0
                idataBANK1                          B66      B66        8         0

        CLASS   STRCODE        

        CLASS   STRING         

        CLASS   CONST          

        CLASS   ENTRY          

        CLASS   COMMON         
                cstackCOMMON                         70       70        E         1

        CLASS   BANK0          
                cstackBANK0                          21       21       4A         1
                bssBANK0                             6B       6B        5         1

        CLASS   BANK1          
                cstackBANK1                          A0       A0       2A         1
                dataBANK1                            E8       E8        8         1
                bssBANK1                             CA       CA       1E         1

        CLASS   BANK2          
                dataBANK2                           149      149        B         1
                bssBANK2                            120      120       29         1

        CLASS   BANK3          

        CLASS   BANK4          

        CLASS   BANK5          

        CLASS   BANK6          

        CLASS   BIGRAM         

        CLASS   RAM            

        CLASS   ABS1           
                abs_s1                               7E       7E        2         1

        CLASS   SFR0           

        CLASS   SFR1           

        CLASS   SFR2           

        CLASS   SFR3           

        CLASS   SFR4           

        CLASS   SFR5           

        CLASS   SFR6           

        CLASS   SFR7           

        CLASS   SFR8           

        CLASS   SFR9           

        CLASS   SFR10          

        CLASS   SFR11          

        CLASS   SFR12          

        CLASS   SFR13          

        CLASS   SFR14          

        CLASS   SFR15          

        CLASS   SFR16          

        CLASS   SFR17          

        CLASS   SFR18          

        CLASS   SFR19          

        CLASS   SFR20          

        CLASS   SFR21          

        CLASS   SFR22          

        CLASS   SFR23          

        CLASS   SFR24          

        CLASS   SFR25          

        CLASS   SFR26          

        CLASS   SFR27          

        CLASS   SFR28          

        CLASS   SFR29          

        CLASS   SFR30          

        CLASS   SFR31          

        CLASS   SFR32          

        CLASS   SFR33          

        CLASS   SFR34          

        CLASS   SFR35          

        CLASS   SFR36          

        CLASS   SFR37          

        CLASS   SFR38          

        CLASS   SFR39          

        CLASS   SFR40          

        CLASS   SFR41          

        CLASS   SFR42          

        CLASS   SFR43          

        CLASS   SFR44          

        CLASS   SFR45          

        CLASS   SFR46          

        CLASS   SFR47          

        CLASS   SFR48          

        CLASS   SFR49          

        CLASS   SFR50          

        CLASS   SFR51          

        CLASS   SFR52          

        CLASS   SFR53          

        CLASS   SFR54          

        CLASS   SFR55          

        CLASS   SFR56          

        CLASS   SFR57          

        CLASS   SFR58          

        CLASS   SFR59          

        CLASS   SFR60          

        CLASS   SFR61          

        CLASS   SFR62          

        CLASS   SFR63          

        CLASS   CONFIG         
                config                             8007     8007        5         0

        CLASS   IDLOC          

        CLASS   BANK63         

        CLASS   BANK62         

        CLASS   BANK61         

        CLASS   BANK60         

        CLASS   BANK59         

        CLASS   BANK58         

        CLASS   BANK57         

        CLASS   BANK56         

        CLASS   BANK55         

        CLASS   BANK54         

        CLASS   BANK53         

        CLASS   BANK52         

        CLASS   BANK51         

        CLASS   BANK50         

        CLASS   BANK49         

        CLASS   BANK48         

        CLASS   BANK47         

        CLASS   BANK46         

        CLASS   BANK45         

        CLASS   BANK44         

        CLASS   BANK43         

        CLASS   BANK42         

        CLASS   BANK41         

        CLASS   BANK40         

        CLASS   BANK39         

        CLASS   BANK38         

        CLASS   BANK37         

        CLASS   BANK36         

        CLASS   BANK35         

        CLASS   BANK34         

        CLASS   BANK33         

        CLASS   BANK32         

        CLASS   BANK31         

        CLASS   BANK30         

        CLASS   BANK29         

        CLASS   BANK28         

        CLASS   BANK27         

        CLASS   BANK26         

        CLASS   BANK25         

        CLASS   BANK24         

        CLASS   BANK23         

        CLASS   BANK22         

        CLASS   BANK21         

        CLASS   BANK20         

        CLASS   BANK19         

        CLASS   BANK18         

        CLASS   BANK17         

        CLASS   BANK16         

        CLASS   BANK15         

        CLASS   BANK14         

        CLASS   BANK13         

        CLASS   BANK12         

        CLASS   BANK11         

        CLASS   BANK10         

        CLASS   BANK9          

        CLASS   BANK8          

        CLASS   BANK7          

        CLASS   EEDATA         



SEGMENTS        Name                           Load    Length   Top    Selector   Space  Class     Delta

                reset_vec                      000000  000003  000003         0       0  CODE        2
                intentry                       000004  0007FC  000800         8       0  CODE        2
                cstackBANK0                    000021  00004F  000070        21       1  BANK0       1
                cstackCOMMON                   000070  00000E  00007E        70       1  COMMON      1
                cstackBANK1                    0000A0  000050  0000F0        A0       1  BANK1       1
                bssBANK2                       000120  000034  000154       120       1  BANK2       1
                text44                         000B1D  000004  000B21      163A       0  CODE        2
                text43                         000B21  000004  000B25      1642       0  CODE        2
                text49                         000B25  000006  000B2B      164A       0  CODE        2
                text48                         000B2B  000006  000B31      1656       0  CODE        2
                text18                         000B31  000006  000B37      1662       0  CODE        2
                text16                         000B37  000006  000B3D      166E       0  CODE        2
                text15                         000B3D  000006  000B43      167A       0  CODE        2
                clrtext                        000B43  000006  000B49      1686       0  CODE        2
                inittext                       000B49  000006  000B4F      1692       0  CODE        2
                text31                         000B4F  000007  000B56      169E       0  CODE        2
                text47                         000B56  000008  000B5E      16AC       0  CODE        2
                text32                         000B5E  000008  000B66      16BC       0  CODE        2
                idataBANK1                     000B66  000008  000B6E      16CC       0  CODE        2
                text39                         000B6E  00000A  000B78      16DC       0  CODE        2
                idataBANK2                     000B78  00000B  000B83      16F0       0  CODE        2
                text50                         000B83  00000C  000B8F      1706       0  CODE        2
                text20                         000B8F  00000C  000B9B      171E       0  CODE        2
                text46                         000B9B  000014  000BAF      1736       0  CODE        2
                text17                         000BAF  000014  000BC3      175E       0  CODE        2
                text38                         000BC3  000016  000BD9      1786       0  CODE        2
                text29                         000BD9  000016  000BEF      17B2       0  CODE        2
                text13                         000BEF  000018  000C07      17DE       0  CODE        2
                text9                          000C07  000018  000C1F      180E       0  CODE        2
                text8                          000C1F  000018  000C37      183E       0  CODE        2
                text7                          000C37  000018  000C4F      186E       0  CODE        2
                text19                         000C4F  00001A  000C69      189E       0  CODE        2
                text1                          000C69  00001A  000C83      18D2       0  CODE        2
                text42                         000C83  00001F  000CA2      1906       0  CODE        2
                text25                         000CA2  00001F  000CC1      1944       0  CODE        2
                text40                         000CC1  000020  000CE1      1982       0  CODE        2
                text2                          000CE1  000023  000D04      19C2       0  CODE        2
                text51                         000D04  000024  000D28      1A08       0  CODE        2
                text24                         000D28  000024  000D4C      1A50       0  CODE        2
                text41                         000D4C  000025  000D71      1A98       0  CODE        2
                text21                         000D71  00002A  000D9B      1AE2       0  CODE        2
                text33                         000D9B  00002B  000DC6      1B36       0  CODE        2
                text35                         000DC6  00002F  000DF5      1B8C       0  CODE        2
                text11                         000DF5  00003C  000E31      1BEA       0  CODE        2
                text22                         000E31  000043  000E74      1C62       0  CODE        2
                text30                         000E74  000044  000EB8      1CE8       0  CODE        2
                text34                         000EB8  000046  000EFE      1D70       0  CODE        2
                text45                         000EFE  000052  000F50      1DFC       0  CODE        2
                text10                         000F50  000055  000FA5      1EA0       0  CODE        2
                text36                         000FA5  00005B  001000      1F4A       0  CODE        2
                config                         008007  000005  00800C     1000E       0  CONFIG      2


UNUSED ADDRESS RANGES

        Name                Unused          Largest block    Delta
        BANK2            00154-0016F              1C           1
        BANK3            001A0-001EF              50           1
        BANK4            00220-0026F              50           1
        BANK5            002A0-002EF              50           1
        BANK6            00320-0032F              10           1
        BIGRAM           02001-021EF             1EF           1
        CODE             00003-00003               1           2
                         00800-00B1C             31D
        CONST            00003-00003               1           2
                         00800-00B1C             100
        ENTRY            00003-00003               1           2
                         00800-00B1C             100
        IDLOC            08000-08003               4           2
        RAM              00154-0016F              1C           1
                         001A0-001EF              50
                         00220-0026F              50
                         002A0-002EF              50
                         00320-0032F              10
        SFR0             00000-00020              21           1
        SFR1             00080-0009F              20           1
        SFR10            00500-0056F              70           1
        SFR11            00580-005EF              70           1
        SFR12            00600-0066F              70           1
        SFR13            00680-006EF              70           1
        SFR14            00700-0076F              70           1
        SFR15            00780-007EF              70           1
        SFR16            00800-0086F              70           1
        SFR17            00880-008EF              70           1
        SFR18            00900-0096F              70           1
        SFR19            00980-009EF              70           1
        SFR2             00100-0011F              20           1
        SFR20            00A00-00A6F              70           1
        SFR21            00A80-00AEF              70           1
        SFR22            00B00-00B6F              70           1
        SFR23            00B80-00BEF              70           1
        SFR24            00C00-00C6F              70           1
        SFR25            00C80-00CEF              70           1
        SFR26            00D00-00D6F              70           1
        SFR27            00D80-00DEF              70           1
        SFR28            00E00-00E6F              70           1
        SFR29            00E80-00EEF              70           1
        SFR3             00180-0019F              20           1
        SFR30            00F00-00F6F              70           1
        SFR31            00F80-00FEF              70           1
        SFR32            01000-0106F              70           1
        SFR33            01080-010EF              70           1
        SFR34            01100-0116F              70           1
        SFR35            01180-011EF              70           1
        SFR36            01200-0126F              70           1
        SFR37            01280-012EF              70           1
        SFR38            01300-0136F              70           1
        SFR39            01380-013EF              70           1
        SFR4             00200-0021F              20           1
        SFR40            01400-0146F              70           1
        SFR41            01480-014EF              70           1
        SFR42            01500-0156F              70           1
        SFR43            01580-015EF              70           1
        SFR44            01600-0166F              70           1
        SFR45            01680-016EF              70           1
        SFR46            01700-0176F              70           1
        SFR47            01780-017EF              70           1
        SFR48            01800-0186F              70           1
        SFR49            01880-018EF              70           1
        SFR5             00280-0029F              20           1
        SFR50            01900-0196F              70           1
        SFR51            01980-019EF              70           1
        SFR52            01A00-01A6F              70           1
        SFR53            01A80-01AEF              70           1
        SFR54            01B00-01B6F              70           1
        SFR55            01B80-01BEF              70           1
        SFR56            01C00-01C6F              70           1
        SFR57            01C80-01CEF              70           1
        SFR58            01D00-01D6F              70           1
        SFR59            01D80-01DEF              70           1
        SFR6             00300-0031F              20           1
        SFR60            01E00-01E6F              70           1
        SFR61            01E80-01EEF              70           1
        SFR62            01F00-01F6F              70           1
        SFR63            01F80-01FEF              70           1
        SFR7             00380-003EF              70           1
        SFR8             00400-0046F              70           1
        SFR9             00480-004EF              70           1
        STACK            020D4-021EF             11C           1
        STRCODE          00003-00003               1           2
                         00800-00B1C             31D
        STRING           00003-00003               1           2
                         00800-00B1C             100

                                  Symbol Table

?_BQ_Read                             cstackCOMMON 00073
?___awdiv                             cstackCOMMON 00076
?___lldiv                             cstackBANK0  00021
?___lmul                              cstackCOMMON 00070
?___lwdiv                             cstackCOMMON 00070
?___wmul                              cstackCOMMON 00070
?_get_time                            cstackCOMMON 00070
?_i2c_master_read                     cstackCOMMON 00074
?_i2c_master_read_u16                 cstackBANK0  00021
?_i2c_master_read_u8                  cstackBANK0  00021
?_i2c_master_send_byte                cstackCOMMON 00070
?_i2c_master_write                    cstackCOMMON 00074
?_i2c_master_write_u32                cstackBANK0  00021
?_i2c_master_write_u8                 cstackBANK0  00021
?_negotiate_optimal_pdo               cstackBANK0  00041
?_readADC                             cstackCOMMON 00070
?_reset                               cstackBANK0  00025
?_timer_diff                          cstackCOMMON 00070
?_write_pdo                           cstackBANK0  0002C
BQ_Read@data                          cstackCOMMON 00078
BQ_Read@reg                           cstackCOMMON 00077
BQ_Write@data                         cstackCOMMON 00071
BQ_Write@reg                          cstackCOMMON 00072
BQ_get_chrg_state@temp                cstackCOMMON 0007B
I2C_Master_Init@clk                   cstackBANK0  0002E
I2C_Master_Read@ack                   cstackCOMMON 00071
I2C_Master_Read@data                  cstackCOMMON 00072
I2C_Master_Write@data                 cstackCOMMON 00070
I2C_bus_reset@i                       cstackCOMMON 00071
Map@inMax                             cstackBANK0  00028
Map@inMin                             cstackBANK0  00027
Map@outMax                            cstackBANK0  0002A
Map@outMin                            cstackBANK0  00029
Map@x                                 cstackBANK0  00025
_ADCON0                               (abs)        0009D
_ADCON0bits                           (abs)        0009D
_ADCON1                               (abs)        0009E
_ADRESH                               (abs)        0009C
_ANSELA                               (abs)        01F38
_ANSELAbits                           (abs)        01F38
_ANSELC                               (abs)        01F4E
_BATTERY_VOLTAGE                      bssBANK1     000E7
_BQ_CONFIG_INIT                       text51       00D04
_BQ_INIT                              text45       00EFE
_BQ_Read                              text41       00D4C
_BQ_UPDATE                            text37       0043A
_BQ_Write                             text46       00B9B
_BQ_adc_state                         bssBANK1     000E6
_BQ_adc_time                          bssBANK2     0012C
_BQ_get_chrg_state                    text40       00CC1
_CPUDOZEbits                          (abs)        0088C
_I2C_Master_Ack                       text44       00B1D
_I2C_Master_Init                      text35       00DC6
_I2C_Master_Read                      text42       00C83
_I2C_Master_Start                     text49       00B25
_I2C_Master_Stop                      text48       00B2B
_I2C_Master_Wait                      text50       00B83
_I2C_Master_Write                     text47       00B56
_I2C_Master_nAck                      text43       00B21
_I2C_bus_reset                        text34       00EB8
_INTCONbits                           (abs)        0000B
_IOCAF                                (abs)        01F3F
_IOCAF5                               (abs)        0F9FD
_IOCAN                                (abs)        01F3E
_IOCAP                                (abs)        01F3D
_ISR                                  intentry     00004
_Map                                  text24       00D28
_PIC_SETUP                            text33       00D9B
_PIE0bits                             (abs)        00716
_PIE4bits                             (abs)        0071A
_PPSLOCK                              (abs)        01E8F
_PPS_lock                             text32       00B5E
_PPS_unlock                           text31       00B4F
_PR2                                  (abs)        0028D
_PWM3CON                              (abs)        00316
_PWM3CONbits                          (abs)        00316
_PWM3DCH                              (abs)        00315
_PWM3DCL                              (abs)        00314
_PWM4CON                              (abs)        0031A
_PWM4CONbits                          (abs)        0031A
_PWM4DCH                              (abs)        00319
_PWM4DCL                              (abs)        00318
_PWM5CON                              (abs)        0031E
_PWM5CONbits                          (abs)        0031E
_PWM5DCH                              (abs)        0031D
_PWM5DCL                              (abs)        0031C
_PWM_INIT                             text30       00E74
_PWM_power_down                       text29       00BD9
_RA2                                  (abs)        00062
_RA5                                  (abs)        00065
_RC0                                  (abs)        00070
_RC0PPS                               (abs)        01F20
_RC1                                  (abs)        00071
_RC1PPS                               (abs)        01F21
_RC2                                  (abs)        00072
_RC2PPS                               (abs)        01F22
_RC3                                  (abs)        00073
_RC3PPS                               (abs)        01F23
_RC4                                  (abs)        00074
_RC4PPS                               (abs)        01F24
_RC5                                  (abs)        00075
_REG00_config                         bssBANK1     000DE
_REG01_config                         bssBANK1     000DD
_REG02_config                         bssBANK1     000DC
_REG03_config                         bssBANK1     000DB
_REG04_config                         bssBANK1     000DA
_REG05_config                         bssBANK1     000D9
_REG06_config                         bssBANK1     000D8
_REG07_config                         bssBANK1     000D7
_REG08_config                         bssBANK1     000D6
_RGB_fade                             text27       00703
_SSP1ADD                              (abs)        0018D
_SSP1BUF                              (abs)        0018C
_SSP1CLKPPS                           (abs)        01EC5
_SSP1CON1                             (abs)        00190
_SSP1CON2                             (abs)        00191
_SSP1CON2bits                         (abs)        00191
_SSP1CON3                             (abs)        00192
_SSP1DATPPS                           (abs)        01EC6
_SSP1STAT                             (abs)        0018F
_SYS_ENABLE                           bssBANK1     000E5
_T1CLK                                (abs)        00211
_T1CONbits                            (abs)        0020E
_T1GCONbits                           (abs)        0020F
_T2CKPS0                              (abs)        01474
_T2CKPS1                              (abs)        01475
_T2CKPS2                              (abs)        01476
_T2CLKCON                             (abs)        00290
_T2OUTPS0                             (abs)        01470
_T2OUTPS1                             (abs)        01471
_T2OUTPS2                             (abs)        01472
_T2OUTPS3                             (abs)        01473
_TMR1                                 (abs)        0020C
_TMR1IF                               (abs)        03880
_TMR2                                 (abs)        0028C
_TMR2IF                               (abs)        03881
_TMR2ON                               (abs)        01477
_TRISA                                (abs)        00012
_TRISAbits                            (abs)        00012
_TRISC                                (abs)        00014
_TRISCbits                            (abs)        00014
_VBUS_CHRG_STATE                      bssBANK1     000CA
_VREGCON                              (abs)        00812
_WPUA                                 (abs)        01F39
__CFG_BBEN$OFF                        (abs)        00000
__CFG_BBSIZE$BB512                    (abs)        00000
__CFG_BOREN$ON                        (abs)        00000
__CFG_BORV$LO                         (abs)        00000
__CFG_CLKOUTEN$OFF                    (abs)        00000
__CFG_CP$OFF                          (abs)        00000
__CFG_CSWEN$ON                        (abs)        00000
__CFG_FCMEN$ON                        (abs)        00000
__CFG_FEXTOSC$OFF                     (abs)        00000
__CFG_LPBOREN$OFF                     (abs)        00000
__CFG_LVP$OFF                         (abs)        00000
__CFG_MCLRE$OFF                       (abs)        00000
__CFG_PPS1WAY$OFF                     (abs)        00000
__CFG_PWRTE$OFF                       (abs)        00000
__CFG_RSTOSC$HFINT32                  (abs)        00000
__CFG_SAFEN$OFF                       (abs)        00000
__CFG_STVREN$ON                       (abs)        00000
__CFG_WDTCCS$LFINTOSC                 (abs)        00000
__CFG_WDTCPS$WDTCPS_13                (abs)        00000
__CFG_WDTCWS$WDTCWS_7                 (abs)        00000
__CFG_WDTE$ON                         (abs)        00000
__CFG_WRTAPP$OFF                      (abs)        00000
__CFG_WRTB$OFF                        (abs)        00000
__CFG_WRTC$OFF                        (abs)        00000
__CFG_WRTSAF$OFF                      (abs)        00000
__CFG_ZCD$OFF                         (abs)        00000
__Habs1                               abs1         00000
__Hbank0                              bank0        00000
__Hbank1                              bank1        00000
__Hbank10                             bank10       00000
__Hbank11                             bank11       00000
__Hbank12                             bank12       00000
__Hbank13                             bank13       00000
__Hbank14                             bank14       00000
__Hbank15                             bank15       00000
__Hbank16                             bank16       00000
__Hbank17                             bank17       00000
__Hbank18                             bank18       00000
__Hbank19                             bank19       00000
__Hbank2                              bank2        00000
__Hbank20                             bank20       00000
__Hbank21                             bank21       00000
__Hbank22                             bank22       00000
__Hbank23                             bank23       00000
__Hbank24                             bank24       00000
__Hbank25                             bank25       00000
__Hbank26                             bank26       00000
__Hbank27                             bank27       00000
__Hbank28                             bank28       00000
__Hbank29                             bank29       00000
__Hbank3                              bank3        00000
__Hbank30                             bank30       00000
__Hbank31                             bank31       00000
__Hbank32                             bank32       00000
__Hbank33                             bank33       00000
__Hbank34                             bank34       00000
__Hbank35                             bank35       00000
__Hbank36                             bank36       00000
__Hbank37                             bank37       00000
__Hbank38                             bank38       00000
__Hbank39                             bank39       00000
__Hbank4                              bank4        00000
__Hbank40                             bank40       00000
__Hbank41                             bank41       00000
__Hbank42                             bank42       00000
__Hbank43                             bank43       00000
__Hbank44                             bank44       00000
__Hbank45                             bank45       00000
__Hbank46                             bank46       00000
__Hbank47                             bank47       00000
__Hbank48                             bank48       00000
__Hbank49                             bank49       00000
__Hbank5                              bank5        00000
__Hbank50                             bank50       00000
__Hbank51                             bank51       00000
__Hbank52                             bank52       00000
__Hbank53                             bank53       00000
__Hbank54                             bank54       00000
__Hbank55                             bank55       00000
__Hbank56                             bank56       00000
__Hbank57                             bank57       00000
__Hbank58                             bank58       00000
__Hbank59                             bank59       00000
__Hbank6                              bank6        00000
__Hbank60                             bank60       00000
__Hbank61                             bank61       00000
__Hbank62                             bank62       00000
__Hbank63                             bank63       00000
__Hbank7                              bank7        00000
__Hbank8                              bank8        00000
__Hbank9                              bank9        00000
__Hbigram                             bigram       00000
__HbssBANK0                           bssBANK0     00000
__HbssBANK1                           bssBANK1     00000
__HbssBANK2                           bssBANK2     00000
__Hcinit                              cinit        00058
__Hclrtext                            clrtext      00000
__Hcode                               code         00000
__Hcommon                             common       00000
__Hconfig                             config       0800C
__HcstackBANK0                        cstackBANK0  00000
__HcstackBANK1                        cstackBANK1  00000
__HcstackCOMMON                       cstackCOMMON 00000
__HdataBANK1                          dataBANK1    00000
__HdataBANK2                          dataBANK2    00000
__Heeprom_data                        eeprom_data  00000
__Hend_init                           end_init     00027
__Hfunctab                            functab      00000
__HidataBANK1                         idataBANK1   00000
__HidataBANK2                         idataBANK2   00000
__Hidloc                              idloc        00000
__Hinit                               init         00025
__Hinittext                           inittext     00000
__Hintentry                           intentry     00022
__Hmaintext                           maintext     00000
__Hpowerup                            powerup      00000
__Hram                                ram          00000
__Hreset_vec                          reset_vec    00003
__Hsfr0                               sfr0         00000
__Hsfr1                               sfr1         00000
__Hsfr10                              sfr10        00000
__Hsfr11                              sfr11        00000
__Hsfr12                              sfr12        00000
__Hsfr13                              sfr13        00000
__Hsfr14                              sfr14        00000
__Hsfr15                              sfr15        00000
__Hsfr16                              sfr16        00000
__Hsfr17                              sfr17        00000
__Hsfr18                              sfr18        00000
__Hsfr19                              sfr19        00000
__Hsfr2                               sfr2         00000
__Hsfr20                              sfr20        00000
__Hsfr21                              sfr21        00000
__Hsfr22                              sfr22        00000
__Hsfr23                              sfr23        00000
__Hsfr24                              sfr24        00000
__Hsfr25                              sfr25        00000
__Hsfr26                              sfr26        00000
__Hsfr27                              sfr27        00000
__Hsfr28                              sfr28        00000
__Hsfr29                              sfr29        00000
__Hsfr3                               sfr3         00000
__Hsfr30                              sfr30        00000
__Hsfr31                              sfr31        00000
__Hsfr32                              sfr32        00000
__Hsfr33                              sfr33        00000
__Hsfr34                              sfr34        00000
__Hsfr35                              sfr35        00000
__Hsfr36                              sfr36        00000
__Hsfr37                              sfr37        00000
__Hsfr38                              sfr38        00000
__Hsfr39                              sfr39        00000
__Hsfr4                               sfr4         00000
__Hsfr40                              sfr40        00000
__Hsfr41                              sfr41        00000
__Hsfr42                              sfr42        00000
__Hsfr43                              sfr43        00000
__Hsfr44                              sfr44        00000
__Hsfr45                              sfr45        00000
__Hsfr46                              sfr46        00000
__Hsfr47                              sfr47        00000
__Hsfr48                              sfr48        00000
__Hsfr49                              sfr49        00000
__Hsfr5                               sfr5         00000
__Hsfr50                              sfr50        00000
__Hsfr51                              sfr51        00000
__Hsfr52                              sfr52        00000
__Hsfr53                              sfr53        00000
__Hsfr54                              sfr54        00000
__Hsfr55                              sfr55        00000
__Hsfr56                              sfr56        00000
__Hsfr57                              sfr57        00000
__Hsfr58                              sfr58        00000
__Hsfr59                              sfr59        00000
__Hsfr6                               sfr6         00000
__Hsfr60                              sfr60        00000
__Hsfr61                              sfr61        00000
__Hsfr62                              sfr62        00000
__Hsfr63                              sfr63        00000
__Hsfr7                               sfr7         00000
__Hsfr8                               sfr8         00000
__Hsfr9                               sfr9         00000
__Hspace_0                            (abs)        0800C
__Hspace_1                            (abs)        00154
__Hspace_2                            (abs)        00000
__Hspace_3                            (abs)        00000
__Hstack                              stack        00000
__Hstrings                            strings      00000
__Htext                               text         00000
__Labs1                               abs1         00000
__Lbank0                              bank0        00000
__Lbank1                              bank1        00000
__Lbank10                             bank10       00000
__Lbank11                             bank11       00000
__Lbank12                             bank12       00000
__Lbank13                             bank13       00000
__Lbank14                             bank14       00000
__Lbank15                             bank15       00000
__Lbank16                             bank16       00000
__Lbank17                             bank17       00000
__Lbank18                             bank18       00000
__Lbank19                             bank19       00000
__Lbank2                              bank2        00000
__Lbank20                             bank20       00000
__Lbank21                             bank21       00000
__Lbank22                             bank22       00000
__Lbank23                             bank23       00000
__Lbank24                             bank24       00000
__Lbank25                             bank25       00000
__Lbank26                             bank26       00000
__Lbank27                             bank27       00000
__Lbank28                             bank28       00000
__Lbank29                             bank29       00000
__Lbank3                              bank3        00000
__Lbank30                             bank30       00000
__Lbank31                             bank31       00000
__Lbank32                             bank32       00000
__Lbank33                             bank33       00000
__Lbank34                             bank34       00000
__Lbank35                             bank35       00000
__Lbank36                             bank36       00000
__Lbank37                             bank37       00000
__Lbank38                             bank38       00000
__Lbank39                             bank39       00000
__Lbank4                              bank4        00000
__Lbank40                             bank40       00000
__Lbank41                             bank41       00000
__Lbank42                             bank42       00000
__Lbank43                             bank43       00000
__Lbank44                             bank44       00000
__Lbank45                             bank45       00000
__Lbank46                             bank46       00000
__Lbank47                             bank47       00000
__Lbank48                             bank48       00000
__Lbank49                             bank49       00000
__Lbank5                              bank5        00000
__Lbank50                             bank50       00000
__Lbank51                             bank51       00000
__Lbank52                             bank52       00000
__Lbank53                             bank53       00000
__Lbank54                             bank54       00000
__Lbank55                             bank55       00000
__Lbank56                             bank56       00000
__Lbank57                             bank57       00000
__Lbank58                             bank58       00000
__Lbank59                             bank59       00000
__Lbank6                              bank6        00000
__Lbank60                             bank60       00000
__Lbank61                             bank61       00000
__Lbank62                             bank62       00000
__Lbank63                             bank63       00000
__Lbank7                              bank7        00000
__Lbank8                              bank8        00000
__Lbank9                              bank9        00000
__Lbigram                             bigram       00000
__LbssBANK0                           bssBANK0     00000
__LbssBANK1                           bssBANK1     00000
__LbssBANK2                           bssBANK2     00000
__Lcinit                              cinit        00027
__Lclrtext                            clrtext      00000
__Lcode                               code         00000
__Lcommon                             common       00000
__Lconfig                             config       08007
__LcstackBANK0                        cstackBANK0  00000
__LcstackBANK1                        cstackBANK1  00000
__LcstackCOMMON                       cstackCOMMON 00000
__LdataBANK1                          dataBANK1    00000
__LdataBANK2                          dataBANK2    00000
__Leeprom_data                        eeprom_data  00000
__Lend_init                           end_init     00025
__Lfunctab                            functab      00000
__LidataBANK1                         idataBANK1   00000
__LidataBANK2                         idataBANK2   00000
__Lidloc                              idloc        00000
__Linit                               init         00022
__Linittext                           inittext     00000
__Lintentry                           intentry     00004
__Lmaintext                           maintext     00000
__Lpowerup                            powerup      00000
__Lram                                ram          00000
__Lreset_vec                          reset_vec    00000
__Lsfr0                               sfr0         00000
__Lsfr1                               sfr1         00000
__Lsfr10                              sfr10        00000
__Lsfr11                              sfr11        00000
__Lsfr12                              sfr12        00000
__Lsfr13                              sfr13        00000
__Lsfr14                              sfr14        00000
__Lsfr15                              sfr15        00000
__Lsfr16                              sfr16        00000
__Lsfr17                              sfr17        00000
__Lsfr18                              sfr18        00000
__Lsfr19                              sfr19        00000
__Lsfr2                               sfr2         00000
__Lsfr20                              sfr20        00000
__Lsfr21                              sfr21        00000
__Lsfr22                              sfr22        00000
__Lsfr23                              sfr23        00000
__Lsfr24                              sfr24        00000
__Lsfr25                              sfr25        00000
__Lsfr26                              sfr26        00000
__Lsfr27                              sfr27        00000
__Lsfr28                              sfr28        00000
__Lsfr29                              sfr29        00000
__Lsfr3                               sfr3         00000
__Lsfr30                              sfr30        00000
__Lsfr31                              sfr31        00000
__Lsfr32                              sfr32        00000
__Lsfr33                              sfr33        00000
__Lsfr34                              sfr34        00000
__Lsfr35                              sfr35        00000
__Lsfr36                              sfr36        00000
__Lsfr37                              sfr37        00000
__Lsfr38                              sfr38        00000
__Lsfr39                              sfr39        00000
__Lsfr4                               sfr4         00000
__Lsfr40                              sfr40        00000
__Lsfr41                              sfr41        00000
__Lsfr42                              sfr42        00000
__Lsfr43                              sfr43        00000
__Lsfr44                              sfr44        00000
__Lsfr45                              sfr45        00000
__Lsfr46                              sfr46        00000
__Lsfr47                              sfr47        00000
__Lsfr48                              sfr48        00000
__Lsfr49                              sfr49        00000
__Lsfr5                               sfr5         00000
__Lsfr50                              sfr50        00000
__Lsfr51                              sfr51        00000
__Lsfr52                              sfr52        00000
__Lsfr53                              sfr53        00000
__Lsfr54                              sfr54        00000
__Lsfr55                              sfr55        00000
__Lsfr56                              sfr56        00000
__Lsfr57                              sfr57        00000
__Lsfr58                              sfr58        00000
__Lsfr59                              sfr59        00000
__Lsfr6                               sfr6         00000
__Lsfr60                              sfr60        00000
__Lsfr61                              sfr61        00000
__Lsfr62                              sfr62        00000
__Lsfr63                              sfr63        00000
__Lsfr7                               sfr7         00000
__Lsfr8                               sfr8         00000
__Lsfr9                               sfr9         00000
__Lspace_0                            (abs)        00000
__Lspace_1                            (abs)        00000
__Lspace_2                            (abs)        00000
__Lspace_3                            (abs)        00000
__Lstack                              stack        00000
__Lstrings                            strings      00000
__Ltext                               text         00000
__S0                                  (abs)        0800C
__S1                                  (abs)        00154
__S2                                  (abs)        00000
___awdiv                              text26       0076D
___awdiv@counter                      cstackBANK0  00021
___awdiv@dividend                     cstackCOMMON 00078
___awdiv@divisor                      cstackCOMMON 00076
___awdiv@quotient                     cstackBANK0  00023
___awdiv@sign                         cstackBANK0  00022
___int_sp                             stack        00000
___latbits                            (abs)        00001
___lldiv                              text36       00FA5
___lldiv@counter                      cstackBANK0  0002D
___lldiv@dividend                     cstackBANK0  00025
___lldiv@divisor                      cstackBANK0  00021
___lldiv@quotient                     cstackBANK0  00029
___lmul                               text12       007CD
___lmul@multiplicand                  cstackCOMMON 00074
___lmul@multiplier                    cstackCOMMON 00070
___lmul@product                       cstackCOMMON 00078
___lwdiv                              text11       00DF5
___lwdiv@counter                      cstackCOMMON 00077
___lwdiv@dividend                     cstackCOMMON 00072
___lwdiv@divisor                      cstackCOMMON 00070
___lwdiv@quotient                     cstackCOMMON 00075
___powerdown                          (abs)        00103
___resetbits                          (abs)        00020
___sp                                 stack        00000
___stackhi                            (abs)        021EF
___stacklo                            (abs)        020D4
___timeout                            (abs)        00104
___wmul                               text25       00CA2
___wmul@multiplicand                  cstackCOMMON 00072
___wmul@multiplier                    cstackCOMMON 00070
___wmul@product                       cstackCOMMON 00074
__end_of_BQ_CONFIG_INIT               text51       00D28
__end_of_BQ_INIT                      text45       00F50
__end_of_BQ_Read                      text41       00D71
__end_of_BQ_UPDATE                    text37       004BA
__end_of_BQ_Write                     text46       00BAF
__end_of_BQ_get_chrg_state            text40       00CE1
__end_of_I2C_Master_Ack               text44       00B21
__end_of_I2C_Master_Init              text35       00DF5
__end_of_I2C_Master_Read              text42       00CA2
__end_of_I2C_Master_Start             text49       00B2B
__end_of_I2C_Master_Stop              text48       00B31
__end_of_I2C_Master_Wait              text50       00B8F
__end_of_I2C_Master_Write             text47       00B5E
__end_of_I2C_Master_nAck              text43       00B25
__end_of_I2C_bus_reset                text34       00EFE
__end_of_ISR                          intentry     00022
__end_of_Map                          text24       00D4C
__end_of_PIC_SETUP                    text33       00DC6
__end_of_PPS_lock                     text32       00B66
__end_of_PPS_unlock                   text31       00B56
__end_of_PWM_INIT                     text30       00EB8
__end_of_PWM_power_down               text29       00BEF
__end_of_RGB_fade                     text27       0076D
__end_of___awdiv                      text26       007CD
__end_of___lldiv                      text36       01000
__end_of___lmul                       text12       00800
__end_of___lwdiv                      text11       00E31
__end_of___wmul                       text25       00CC1
__end_of__initialization              cinit        00054
__end_of_battery_fade                 text23       005B0
__end_of_chrg_led                     text28       00694
__end_of_flash_led                    text22       00E74
__end_of_get_time                     text39       00B78
__end_of_i2c_master_read              text14       00623
__end_of_i2c_master_read_u16          text13       00C07
__end_of_i2c_master_read_u8           text8        00C37
__end_of_i2c_master_receive_byte      text19       00C69
__end_of_i2c_master_repeat_start      text18       00B37
__end_of_i2c_master_send_byte         text17       00BC3
__end_of_i2c_master_start             text16       00B3D
__end_of_i2c_master_stop              text15       00B43
__end_of_i2c_master_wait              text20       00B9B
__end_of_i2c_master_write             text10       00FA5
__end_of_i2c_master_write_u32         text9        00C1F
__end_of_i2c_master_write_u8          text7        00C4F
__end_of_led_modes                    text21       00D9B
__end_of_main                         maintext     00226
__end_of_negotiate_optimal_pdo        text4        0033F
__end_of_readADC                      text2        00D04
__end_of_reset                        text6        00703
__end_of_stusb_negotiate              text3        0043A
__end_of_thermal_protection           text1        00C83
__end_of_timer_diff                   text38       00BD9
__end_of_write_pdo                    text5        00537
__initialization                      cinit        00027
__pbssBANK0                           bssBANK0     0006B
__pbssBANK1                           bssBANK1     000CA
__pbssBANK2                           bssBANK2     00120
__pcstackBANK0                        cstackBANK0  00021
__pcstackBANK1                        cstackBANK1  000A0
__pcstackCOMMON                       cstackCOMMON 00070
__pdataBANK1                          dataBANK1    000E8
__pdataBANK2                          dataBANK2    00149
__pidataBANK1                         idataBANK1   00B66
__pidataBANK2                         idataBANK2   00B78
__pintentry                           intentry     00004
__pmaintext                           maintext     00058
__ptext1                              text1        00C69
__ptext10                             text10       00F50
__ptext11                             text11       00DF5
__ptext12                             text12       007CD
__ptext13                             text13       00BEF
__ptext14                             text14       005B0
__ptext15                             text15       00B3D
__ptext16                             text16       00B37
__ptext17                             text17       00BAF
__ptext18                             text18       00B31
__ptext19                             text19       00C4F
__ptext2                              text2        00CE1
__ptext20                             text20       00B8F
__ptext21                             text21       00D71
__ptext22                             text22       00E31
__ptext23                             text23       00537
__ptext24                             text24       00D28
__ptext25                             text25       00CA2
__ptext26                             text26       0076D
__ptext27                             text27       00703
__ptext28                             text28       00623
__ptext29                             text29       00BD9
__ptext3                              text3        0033F
__ptext30                             text30       00E74
__ptext31                             text31       00B4F
__ptext32                             text32       00B5E
__ptext33                             text33       00D9B
__ptext34                             text34       00EB8
__ptext35                             text35       00DC6
__ptext36                             text36       00FA5
__ptext37                             text37       0043A
__ptext38                             text38       00BC3
__ptext39                             text39       00B6E
__ptext4                              text4        00226
__ptext40                             text40       00CC1
__ptext41                             text41       00D4C
__ptext42                             text42       00C83
__ptext43                             text43       00B21
__ptext44                             text44       00B1D
__ptext45                             text45       00EFE
__ptext46                             text46       00B9B
__ptext47                             text47       00B56
__ptext48                             text48       00B2B
__ptext49                             text49       00B25
__ptext5                              text5        004BA
__ptext50                             text50       00B83
__ptext51                             text51       00D04
__ptext6                              text6        00694
__ptext7                              text7        00C37
__ptext8                              text8        00C1F
__ptext9                              text9        00C07
__size_of_BQ_CONFIG_INIT              (abs)        00000
__size_of_BQ_INIT                     (abs)        00000
__size_of_BQ_Read                     (abs)        00000
__size_of_BQ_UPDATE                   (abs)        00000
__size_of_BQ_Write                    (abs)        00000
__size_of_BQ_get_chrg_state           (abs)        00000
__size_of_I2C_Master_Ack              (abs)        00000
__size_of_I2C_Master_Init             (abs)        00000
__size_of_I2C_Master_Read             (abs)        00000
__size_of_I2C_Master_Start            (abs)        00000
__size_of_I2C_Master_Stop             (abs)        00000
__size_of_I2C_Master_Wait             (abs)        00000
__size_of_I2C_Master_Write            (abs)        00000
__size_of_I2C_Master_nAck             (abs)        00000
__size_of_I2C_bus_reset               (abs)        00000
__size_of_ISR                         (abs)        00000
__size_of_Map                         (abs)        00000
__size_of_PIC_SETUP                   (abs)        00000
__size_of_PPS_lock                    (abs)        00000
__size_of_PPS_unlock                  (abs)        00000
__size_of_PWM_INIT                    (abs)        00000
__size_of_PWM_power_down              (abs)        00000
__size_of_RGB_fade                    (abs)        00000
__size_of___awdiv                     (abs)        00000
__size_of___lldiv                     (abs)        00000
__size_of___lmul                      (abs)        00000
__size_of___lwdiv                     (abs)        00000
__size_of___wmul                      (abs)        00000
__size_of_battery_fade                (abs)        00000
__size_of_chrg_led                    (abs)        00000
__size_of_flash_led                   (abs)        00000
__size_of_get_time                    (abs)        00000
__size_of_i2c_master_read             (abs)        00000
__size_of_i2c_master_read_u16         (abs)        00000
__size_of_i2c_master_read_u8          (abs)        00000
__size_of_i2c_master_receive_byte     (abs)        00000
__size_of_i2c_master_repeat_start     (abs)        00000
__size_of_i2c_master_send_byte        (abs)        00000
__size_of_i2c_master_start            (abs)        00000
__size_of_i2c_master_stop             (abs)        00000
__size_of_i2c_master_wait             (abs)        00000
__size_of_i2c_master_write            (abs)        00000
__size_of_i2c_master_write_u32        (abs)        00000
__size_of_i2c_master_write_u8         (abs)        00000
__size_of_led_modes                   (abs)        00000
__size_of_main                        (abs)        00000
__size_of_negotiate_optimal_pdo       (abs)        00000
__size_of_readADC                     (abs)        00000
__size_of_reset                       (abs)        00000
__size_of_stusb_negotiate             (abs)        00000
__size_of_thermal_protection          (abs)        00000
__size_of_timer_diff                  (abs)        00000
__size_of_write_pdo                   (abs)        00000
_battery_fade                         text23       00537
_btn_high_edge                        dataBANK1    000EE
_btn_long_edge                        bssBANK1     000E0
_btn_press_count                      bssBANK1     000E1
_btn_press_timer                      bssBANK2     00134
_btn_state                            bssBANK1     000E2
_btn_time_pressed                     bssBANK2     00138
_btn_time_start                       bssBANK2     0013C
_c                                    bssBANK0     0006E
_chrg_delay                           bssBANK2     00124
_chrg_led                             text28       00623
_color                                bssBANK0     0006D
_dir                                  bssBANK0     0006C
_flash_led                            text22       00E31
_flash_state                          bssBANK0     0006B
_flash_time                           bssBANK2     00120
_get_time                             text39       00B6E
_i                                    bssBANK0     0006F
_i2c_master_read                      text14       005B0
_i2c_master_read_u16                  text13       00BEF
_i2c_master_read_u8                   text8        00C1F
_i2c_master_receive_byte              text19       00C4F
_i2c_master_repeat_start              text18       00B31
_i2c_master_send_byte                 text17       00BAF
_i2c_master_start                     text16       00B37
_i2c_master_stop                      text15       00B3D
_i2c_master_wait                      text20       00B8F
_i2c_master_write                     text10       00F50
_i2c_master_write_u32                 text9        00C07
_i2c_master_write_u8                  text7        00C37
_led_modes                            text21       00D71
_main                                 maintext     00058
_mode                                 dataBANK1    000EF
_negotiate_optimal_pdo                text4        00226
_pwr_btn_temp                         bssBANK1     000E4
_pwr_btn_temp_prev                    bssBANK1     000E3
_readADC                              text2        00CE1
_reset                                text6        00694
_rgb_delay                            bssBANK2     00128
_set_stusb4500                        bssBANK1     000DF
_stusb4500_timeout                    bssBANK2     00130
_stusb_negotiate                      text3        0033F
_thermal_protection                   text1        00C69
_timer_counter                        bssBANK2     00140
_timer_diff                           text38       00BC3
_write_pdo                            text5        004BA
battery_fade@v                        cstackBANK0  00033
btemp                                 (abs)        0007E
clear_ram0                            clrtext      00B43
end_of_initialization                 cinit        00054
i2c_master_read@buf                   cstackCOMMON 00075
i2c_master_read@data                  cstackCOMMON 0007A
i2c_master_read@device                cstackCOMMON 00079
i2c_master_read@len                   cstackCOMMON 00076
i2c_master_read@ok                    cstackCOMMON 0007B
i2c_master_read@reg                   cstackCOMMON 00074
i2c_master_read_u16@data              cstackBANK0  00022
i2c_master_read_u16@device            cstackCOMMON 0007D
i2c_master_read_u16@reg               cstackBANK0  00021
i2c_master_read_u8@data               cstackBANK0  00022
i2c_master_read_u8@device             cstackCOMMON 0007D
i2c_master_read_u8@reg                cstackBANK0  00021
i2c_master_receive_byte@ack           cstackCOMMON 00071
i2c_master_receive_byte@data          cstackCOMMON 00072
i2c_master_send_byte@data             cstackCOMMON 00073
i2c_master_write@buf                  cstackCOMMON 00075
i2c_master_write@data                 cstackCOMMON 0007A
i2c_master_write@device               cstackCOMMON 00079
i2c_master_write@len                  cstackCOMMON 00076
i2c_master_write@ok                   cstackCOMMON 0007B
i2c_master_write@reg                  cstackCOMMON 00074
i2c_master_write_u32@data             cstackBANK0  00022
i2c_master_write_u32@device           cstackCOMMON 0007D
i2c_master_write_u32@reg              cstackBANK0  00021
i2c_master_write_u8@data              cstackBANK0  00022
i2c_master_write_u8@device            cstackCOMMON 0007D
i2c_master_write_u8@reg               cstackBANK0  00021
init_ram                              inittext     00B49
int$flags                             (abs)        0007E
intlevel0                             functab      00000
intlevel1                             functab      00000
intlevel2                             functab      00000
intlevel3                             functab      00000
intlevel4                             functab      00000
intlevel5                             functab      00000
negotiate_optimal_pdo@i               cstackBANK0  0005A
negotiate_optimal_pdo@num_pdos        cstackBANK0  00041
negotiate_optimal_pdo@ok              cstackBANK0  0005C
negotiate_optimal_pdo@opt_pdo_current cstackBANK0  0004F
negotiate_optimal_pdo@opt_pdo_power   cstackBANK0  0004B
negotiate_optimal_pdo@opt_pdo_voltage cstackBANK0  00051
negotiate_optimal_pdo@pdo             cstackBANK0  0005E
negotiate_optimal_pdo@pdo_current     cstackBANK0  00058
negotiate_optimal_pdo@pdo_power       cstackBANK0  00054
negotiate_optimal_pdo@pdo_voltage     cstackBANK0  00062
negotiate_optimal_pdo@src_pdos        cstackBANK0  00053
readADC@channel                       cstackCOMMON 00074
reset@ok                              cstackBANK0  0002A
reset@res                             cstackBANK0  00029
reset_vec                             reset_vec    00000
start                                 init         00022
start_initialization                  cinit        00027
stusb_negotiate@buffer                cstackBANK1  000A0
stusb_negotiate@header                cstackBANK1  000C8
timer_diff@t                          cstackCOMMON 00070
write_pdo@current_mA                  cstackBANK0  0002C
write_pdo@pdo                         cstackBANK0  0003D
write_pdo@pdo_num                     cstackBANK0  00030
write_pdo@voltage_mV                  cstackBANK0  0002E
wtemp0                                (abs)        0007E


FUNCTION INFORMATION:

 *************** function _main *****************
 Defined at:
		line 101 in file "main.c"
 Parameters:    Size  Location     Type
		None
 Auto vars:     Size  Location     Type
		None
 Return value:  Size  Location     Type
                  1    wreg      void 
 Registers used:
		wreg, fsr0l, fsr0h, fsr1l, fsr1h, status,2, status,0, pclath, cstack
 Tracked objects:
		On entry : 
		On exit  : 
		Unchanged: 
 Data sizes:     COMMON   BANK0   BANK1   BANK2   BANK3   BANK4   BANK5   BANK6
      Params:         0       0       0       0       0       0       0       0
      Locals:         0       0       0       0       0       0       0       0
      Temps:          0       1       0       0       0       0       0       0
      Totals:         0       1       0       0       0       0       0       0
Total ram usage:        1 bytes
 Hardware stack levels required when called:    9
 This function calls:
		_BQ_CONFIG_INIT
		_BQ_INIT
		_BQ_UPDATE
		_BQ_Write
		_I2C_Master_Init
		_I2C_bus_reset
		_PIC_SETUP
		_PPS_lock
		_PPS_unlock
		_PWM_INIT
		_PWM_power_down
		_chrg_led
		_get_time
		_led_modes
		_stusb_negotiate
		_thermal_protection
		_timer_diff
 This function is called by:
		Startup code after reset
 This function uses a non-reentrant model


 *************** function _thermal_protection *****************
 Defined at:
		line 82 in file "main.c"
 Parameters:    Size  Location     Type
		None
 Auto vars:     Size  Location     Type
		None
 Return value:  Size  Location     Type
                  1    wreg      void 
 Registers used:
		wreg, status,2, status,0, pclath, cstack
 Tracked objects:
		On entry : 
		On exit  : 
		Unchanged: 
 Data sizes:     COMMON   BANK0   BANK1   BANK2   BANK3   BANK4   BANK5   BANK6
      Params:         0       0       0       0       0       0       0       0
      Locals:         0       0       0       0       0       0       0       0
      Temps:          1       0       0       0       0       0       0       0
      Totals:         1       0       0       0       0       0       0       0
Total ram usage:        1 bytes
 Hardware stack levels used:    1
 Hardware stack levels required when called:    4
 This function calls:
		_BQ_Write
		_readADC
 This function is called by:
		_main
 This function uses a non-reentrant model


 *************** function _readADC *****************
 Defined at:
		line 11 in file "ADC.c"
 Parameters:    Size  Location     Type
  channel         1    wreg     unsigned char 
 Auto vars:     Size  Location     Type
  channel         1    4[COMMON] unsigned char 
[...]
		None
 Return value:  Size  Location     Type
                  4    0[COMMON] unsigned long 
 Registers used:
		wreg
 Tracked objects:
		On entry : 
		On exit  : 
		Unchanged: 
 Data sizes:     COMMON   BANK0   BANK1   BANK2   BANK3   BANK4   BANK5   BANK6
      Params:         4       0       0       0       0       0       0       0
      Locals:         0       0       0       0       0       0       0       0
      Temps:          4       0       0       0       0       0       0       0
      Totals:         8       0       0       0       0       0       0       0
Total ram usage:        8 bytes
 Hardware stack levels used:    1
 Hardware stack levels required when called:    1
 This function calls:
		Nothing
 This function is called by:
		_main
		_BQ_UPDATE
		_RGB_fade
		_chrg_led
		_flash_led
 This function uses a non-reentrant model


 *************** function _get_time *****************
 Defined at:
		line 13 in file "time.c"
 Parameters:    Size  Location     Type
		None
 Auto vars:     Size  Location     Type
		None
 Return value:  Size  Location     Type
                  4    0[COMMON] unsigned long 
 Registers used:
		wreg
 Tracked objects:
		On entry : 
		On exit  : 
		Unchanged: 
 Data sizes:     COMMON   BANK0   BANK1   BANK2   BANK3   BANK4   BANK5   BANK6
      Params:         4       0       0       0       0       0       0       0
      Locals:         0       0       0       0       0       0       0       0
      Temps:          0       0       0       0       0       0       0       0
      Totals:         4       0       0       0       0       0       0       0
Total ram usage:        4 bytes
 Hardware stack levels used:    1
 Hardware stack levels required when called:    1
 This function calls:
		Nothing
 This function is called by:
		_main
		_BQ_UPDATE
		_RGB_fade
		_chrg_led
		_flash_led
 This function uses a non-reentrant model


 *************** function _BQ_get_chrg_state *****************
 Defined at:
		line 41 in file "BQ25895M.c"
 Parameters:    Size  Location     Type
		None
 Auto vars:     Size  Location     Type
  temp            1   11[COMMON] unsigned char 
 Return value:  Size  Location     Type
                  1    wreg      void 
 Registers used:
		wreg, status,2, status,0, pclath, cstack
 Tracked objects:
		On entry : 
		On exit  : 
		Unchanged: 
 Data sizes:     COMMON   BANK0   BANK1   BANK2   BANK3   BANK4   BANK5   BANK6
      Params:         0       0       0       0       0       0       0       0
      Locals:         1       0       0       0       0       0       0       0
      Temps:          2       0       0       0       0       0       0       0
      Totals:         3       0       0       0       0       0       0       0
Total ram usage:        3 bytes
 Hardware stack levels used:    1
 Hardware stack levels required when called:    4
 This function calls:
		_BQ_Read
 This function is called by:
		_BQ_UPDATE
 This function uses a non-reentrant model


 *************** function _BQ_Read *****************
 Defined at:
		line 23 in file "BQ25895M.c"
 Parameters:    Size  Location     Type
  reg             1    wreg     unsigned char 
 Auto vars:     Size  Location     Type
  reg             1    7[COMMON] unsigned char 
  data            1    8[COMMON] unsigned char 
 Return value:  Size  Location     Type
                  2    3[COMMON] unsigned short 
 Registers used:
		wreg, status,2, status,0, pclath, cstack
 Tracked objects:
		On entry : 
		On exit  : 
		Unchanged: 
 Data sizes:     COMMON   BANK0   BANK1   BANK2   BANK3   BANK4   BANK5   BANK6
      Params:         2       0       0       0       0       0       0       0
      Locals:         2       0       0       0       0       0       0       0
      Temps:          2       0       0       0       0       0       0       0
      Totals:         6       0       0       0       0       0       0       0
Total ram usage:        6 bytes
 Hardware stack levels used:    1
 Hardware stack levels required when called:    3
 This function calls:
		_I2C_Master_Read
		_I2C_Master_Start
		_I2C_Master_Stop
		_I2C_Master_Write
 This function is called by:
		_BQ_get_chrg_state
		_BQ_UPDATE
 This function uses a non-reentrant model


 *************** function _I2C_Master_Read *****************
 Defined at:
		line 94 in file "I2C.c"
 Parameters:    Size  Location     Type
  ack             1    wreg     unsigned char 
 Auto vars:     Size  Location     Type
  ack             1    1[COMMON] unsigned char 
  data            1    2[COMMON] unsigned char 
 Return value:  Size  Location     Type
                  1    wreg      unsigned char 
 Registers used:
		wreg, status,2, status,0, pclath, cstack
 Tracked objects:
		On entry : 
		On exit  : 
		Unchanged: 
 Data sizes:     COMMON   BANK0   BANK1   BANK2   BANK3   BANK4   BANK5   BANK6
      Params:         0       0       0       0       0       0       0       0
      Locals:         2       0       0       0       0       0       0       0
      Temps:          1       0       0       0       0       0       0       0
      Totals:         3       0       0       0       0       0       0       0
Total ram usage:        3 bytes
 Hardware stack levels used:    1
 Hardware stack levels required when called:    2
 This function calls:
		_I2C_Master_Ack
		_I2C_Master_Wait
		_I2C_Master_nAck
 This function is called by:
		_BQ_Read
 This function uses a non-reentrant model


 *************** function _I2C_Master_nAck *****************
 Defined at:
		line 88 in file "I2C.c"
 Parameters:    Size  Location     Type
		None
 Auto vars:     Size  Location     Type
		None
 Return value:  Size  Location     Type
                  1    wreg      void 
 Registers used:
		None
 Tracked objects:
		On entry : 
		On exit  : 
		Unchanged: 
 Data sizes:     COMMON   BANK0   BANK1   BANK2   BANK3   BANK4   BANK5   BANK6
      Params:         0       0       0       0       0       0       0       0
      Locals:         0       0       0       0       0       0       0       0
      Temps:          0       0       0       0       0       0       0       0
      Totals:         0       0       0       0       0       0       0       0
Total ram usage:        0 bytes
 Hardware stack levels used:    1
 Hardware stack levels required when called:    1
 This function calls:
		Nothing
 This function is called by:
		_I2C_Master_Read
 This function uses a non-reentrant model


 *************** function _I2C_Master_Ack *****************
 Defined at:
		line 82 in file "I2C.c"
 Parameters:    Size  Location     Type
		None
 Auto vars:     Size  Location     Type
		None
 Return value:  Size  Location     Type
                  1    wreg      void 
 Registers used:
		None
 Tracked objects:
		On entry : 
		On exit  : 
		Unchanged: 
 Data sizes:     COMMON   BANK0   BANK1   BANK2   BANK3   BANK4   BANK5   BANK6
      Params:         0       0       0       0       0       0       0       0
      Locals:         0       0       0       0       0       0       0       0
      Temps:          0       0       0       0       0       0       0       0
      Totals:         0       0       0       0       0       0       0       0
Total ram usage:        0 bytes
 Hardware stack levels used:    1
 Hardware stack levels required when called:    1
 This function calls:
		Nothing
 This function is called by:
		_I2C_Master_Read
 This function uses a non-reentrant model


 *************** function _BQ_INIT *****************
 Defined at:
		line 144 in file "BQ25895M.c"
 Parameters:    Size  Location     Type
		None
 Auto vars:     Size  Location     Type
		None
 Return value:  Size  Location     Type
                  1    wreg      void 
 Registers used:
		wreg, status,2, status,0, pclath, cstack
 Tracked objects:
		On entry : 
		On exit  : 
		Unchanged: 
 Data sizes:     COMMON   BANK0   BANK1   BANK2   BANK3   BANK4   BANK5   BANK6
      Params:         0       0       0       0       0       0       0       0
      Locals:         0       0       0       0       0       0       0       0
      Temps:          1       0       0       0       0       0       0       0
      Totals:         1       0       0       0       0       0       0       0
Total ram usage:        1 bytes
 Hardware stack levels used:    1
 Hardware stack levels required when called:    4
 This function calls:
		_BQ_Write
 This function is called by:
		_main
 This function uses a non-reentrant model


 *************** function _BQ_Write *****************
 Defined at:
		line 15 in file "BQ25895M.c"
 Parameters:    Size  Location     Type
  reg             1    wreg     unsigned char 
  data            1    1[COMMON] unsigned char 
 Auto vars:     Size  Location     Type
  reg             1    2[COMMON] unsigned char 
 Return value:  Size  Location     Type
                  1    wreg      void 
 Registers used:
		wreg, status,2, status,0, pclath, cstack
 Tracked objects:
		On entry : 
		On exit  : 
		Unchanged: 
 Data sizes:     COMMON   BANK0   BANK1   BANK2   BANK3   BANK4   BANK5   BANK6
      Params:         1       0       0       0       0       0       0       0
      Locals:         1       0       0       0       0       0       0       0
      Temps:          0       0       0       0       0       0       0       0
      Totals:         2       0       0       0       0       0       0       0
Total ram usage:        2 bytes
 Hardware stack levels used:    1
 Hardware stack levels required when called:    3
 This function calls:
		_I2C_Master_Start
		_I2C_Master_Stop
		_I2C_Master_Write
 This function is called by:
		_thermal_protection
		_main
		_BQ_UPDATE
		_BQ_INIT
 This function uses a non-reentrant model


 *************** function _I2C_Master_Write *****************
 Defined at:
		line 76 in file "I2C.c"
 Parameters:    Size  Location     Type
  data            1    wreg     unsigned char 
 Auto vars:     Size  Location     Type
  data            1    0[COMMON] unsigned char 
 Return value:  Size  Location     Type
                  1    wreg      void 
 Registers used:
		wreg, status,2, status,0, pclath, cstack
 Tracked objects:
		On entry : 
		On exit  : 
		Unchanged: 
 Data sizes:     COMMON   BANK0   BANK1   BANK2   BANK3   BANK4   BANK5   BANK6
      Params:         0       0       0       0       0       0       0       0
      Locals:         1       0       0       0       0       0       0       0
      Temps:          0       0       0       0       0       0       0       0
      Totals:         1       0       0       0       0       0       0       0
Total ram usage:        1 bytes
 Hardware stack levels used:    1
 Hardware stack levels required when called:    2
 This function calls:
		_I2C_Master_Wait
 This function is called by:
		_BQ_Write
		_BQ_Read
 This function uses a non-reentrant model


 *************** function _I2C_Master_Stop *****************
 Defined at:
		line 70 in file "I2C.c"
 Parameters:    Size  Location     Type
		None
 Auto vars:     Size  Location     Type
		None
 Return value:  Size  Location     Type
                  1    wreg      void 
 Registers used:
		wreg, status,2, status,0, pclath, cstack
 Tracked objects:
		On entry : 
		On exit  : 
		Unchanged: 
 Data sizes:     COMMON   BANK0   BANK1   BANK2   BANK3   BANK4   BANK5   BANK6
      Params:         0       0       0       0       0       0       0       0
      Locals:         0       0       0       0       0       0       0       0
      Temps:          0       0       0       0       0       0       0       0
      Totals:         0       0       0       0       0       0       0       0
Total ram usage:        0 bytes
 Hardware stack levels used:    1
 Hardware stack levels required when called:    2
 This function calls:
		_I2C_Master_Wait
 This function is called by:
		_BQ_Write
		_BQ_Read
 This function uses a non-reentrant model


 *************** function _I2C_Master_Start *****************
 Defined at:
		line 58 in file "I2C.c"
 Parameters:    Size  Location     Type
		None
 Auto vars:     Size  Location     Type
		None
 Return value:  Size  Location     Type
                  1    wreg      void 
 Registers used:
		wreg, status,2, status,0, pclath, cstack
 Tracked objects:
		On entry : 
		On exit  : 
		Unchanged: 
 Data sizes:     COMMON   BANK0   BANK1   BANK2   BANK3   BANK4   BANK5   BANK6
      Params:         0       0       0       0       0       0       0       0
      Locals:         0       0       0       0       0       0       0       0
      Temps:          0       0       0       0       0       0       0       0
      Totals:         0       0       0       0       0       0       0       0
Total ram usage:        0 bytes
 Hardware stack levels used:    1
 Hardware stack levels required when called:    2
 This function calls:
		_I2C_Master_Wait
 This function is called by:
		_BQ_Write
		_BQ_Read
 This function uses a non-reentrant model


 *************** function _I2C_Master_Wait *****************
 Defined at:
		line 53 in file "I2C.c"
 Parameters:    Size  Location     Type
		None
 Auto vars:     Size  Location     Type
		None
 Return value:  Size  Location     Type
                  1    wreg      void 
 Registers used:
		wreg, status,2
 Tracked objects:
		On entry : 
		On exit  : 
		Unchanged: 
 Data sizes:     COMMON   BANK0   BANK1   BANK2   BANK3   BANK4   BANK5   BANK6
      Params:         0       0       0       0       0       0       0       0
      Locals:         0       0       0       0       0       0       0       0
      Temps:          0       0       0       0       0       0       0       0
      Totals:         0       0       0       0       0       0       0       0
Total ram usage:        0 bytes
 Hardware stack levels used:    1
 Hardware stack levels required when called:    1
 This function calls:
		Nothing
 This function is called by:
		_I2C_Master_Start
		_I2C_Master_Stop
		_I2C_Master_Write
		_I2C_Master_Read
		_I2C_Master_Repeated_Start
 This function uses a non-reentrant model


 *************** function _BQ_CONFIG_INIT *****************
 Defined at:
		line 132 in file "BQ25895M.c"
 Parameters:    Size  Location     Type
		None
 Auto vars:     Size  Location     Type
		None
 Return value:  Size  Location     Type
                  1    wreg      void 
 Registers used:
		wreg
 Tracked objects:
		On entry : 
		On exit  : 
		Unchanged: 
 Data sizes:     COMMON   BANK0   BANK1   BANK2   BANK3   BANK4   BANK5   BANK6
      Params:         0       0       0       0       0       0       0       0
      Locals:         0       0       0       0       0       0       0       0
      Temps:          1       0       0       0       0       0       0       0
      Totals:         1       0       0       0       0       0       0       0
Total ram usage:        1 bytes
 Hardware stack levels used:    1
 Hardware stack levels required when called:    1
 This function calls:
		Nothing
 This function is called by:
		_main
 This function uses a non-reentrant model


 *************** function _ISR *****************
 Defined at:
		line 68 in file "main.c"
 Parameters:    Size  Location     Type
		None
 Auto vars:     Size  Location     Type
		None
 Return value:  Size  Location     Type
                  1    wreg      void 
 Registers used:
		wreg
 Tracked objects:
		On entry : 
		On exit  : 
		Unchanged: 
 Data sizes:     COMMON   BANK0   BANK1   BANK2   BANK3   BANK4   BANK5   BANK6
      Params:         0       0       0       0       0       0       0       0
      Locals:         0       0       0       0       0       0       0       0
      Temps:          0       0       0       0       0       0       0       0
      Totals:         0       0       0       0       0       0       0       0
Total ram usage:        0 bytes
 Hardware stack levels used:    1
 This function calls:
		Nothing
 This function is called by:
		Interrupt level 1
 This function uses a non-reentrant model



MODULE INFORMATION

Module		Function		Class		Link	Load	Size
i2c_driver_stusb4500.c
		_i2c_master_write_u8		CODE           	0C37	0000	25
		_i2c_master_write		CODE           	0F50	0000	86
		_i2c_master_write_u32		CODE           	0C07	0000	25
		_i2c_master_start		CODE           	0B37	0000	7
		_i2c_master_receive_byte		CODE           	0C4F	0000	27
		_i2c_master_send_byte		CODE           	0BAF	0000	21
		_i2c_master_read_u8		CODE           	0C1F	0000	25
		_i2c_master_read		CODE           	05B0	0000	116
		_i2c_master_wait		CODE           	0B8F	0000	13
		_i2c_master_stop		CODE           	0B3D	0000	7
		_i2c_master_read_u16		CODE           	0BEF	0000	25
		_i2c_master_repeat_start		CODE           	0B31	0000	7

i2c_driver_stusb4500.c estimated size: 384

time.c
		_timer_diff    		CODE           	0BC3	0000	23
		_get_time      		CODE           	0B6E	0000	11

time.c estimated size: 34

C:\Program Files (x86)\Microchip\xc8\v2.10\pic\sources\c90\common\lwdiv.c
		___lwdiv       		CODE           	0DF5	0000	61

C:\Program Files (x86)\Microchip\xc8\v2.10\pic\sources\c90\common\lwdiv.c estimated size: 61

C:\Program Files (x86)\Microchip\xc8\v2.10\pic\sources\c90\common\awdiv.c
		___awdiv       		CODE           	076D	0000	97

C:\Program Files (x86)\Microchip\xc8\v2.10\pic\sources\c90\common\awdiv.c estimated size: 97

C:\Program Files (x86)\Microchip\xc8\v2.10\pic\sources\c90\common\Umul16.c
		___wmul        		CODE           	0CA2	0000	32

C:\Program Files (x86)\Microchip\xc8\v2.10\pic\sources\c90\common\Umul16.c estimated size: 32

I2C.c
		_I2C_Master_Read		CODE           	0C83	0000	32
		_I2C_Master_nAck		CODE           	0B21	0000	5
		_I2C_Master_Wait		CODE           	0B83	0000	13
		_I2C_Master_Init		CODE           	0DC6	0000	48
		_I2C_Master_Stop		CODE           	0B2B	0000	7
		_I2C_bus_reset 		CODE           	0EB8	0000	71
		_I2C_Master_Write		CODE           	0B56	0000	9
		_I2C_Master_Start		CODE           	0B25	0000	7
		_I2C_Master_Ack		CODE           	0B1D	0000	5

I2C.c estimated size: 197

PPS.c
		_PPS_lock      		CODE           	0B5E	0000	9
		_PPS_unlock    		CODE           	0B4F	0000	8

PPS.c estimated size: 17

LED_INTERFACE.c
		_battery_fade  		CODE           	0537	0000	122
		_chrg_led      		CODE           	0623	0000	114
		_RGB_fade      		CODE           	0703	0000	107
		_flash_led     		CODE           	0E31	0000	68
		_led_modes     		CODE           	0D71	0000	43
		_Map           		CODE           	0D28	0000	37

LED_INTERFACE.c estimated size: 491

C:\Program Files (x86)\Microchip\xc8\v2.10\pic\sources\c90\common\__lldiv.c
		___lldiv       		CODE           	0FA5	0000	92

C:\Program Files (x86)\Microchip\xc8\v2.10\pic\sources\c90\common\__lldiv.c estimated size: 92

C:\Program Files (x86)\Microchip\xc8\v2.10\pic\sources\c90\common\Umul32.c
		___lmul        		CODE           	07CD	0000	52

C:\Program Files (x86)\Microchip\xc8\v2.10\pic\sources\c90\common\Umul32.c estimated size: 52

PWM.c
		_PWM_INIT      		CODE           	0E74	0000	69
		_PWM_power_down		CODE           	0BD9	0000	23

PWM.c estimated size: 92

shared
		__initialization		CODE           	0027	0000	46

shared estimated size: 46

BQ25895M.c
		_BQ_CONFIG_INIT		CODE           	0D04	0000	37
		_BQ_Read       		CODE           	0D4C	0000	38
		_BQ_INIT       		CODE           	0EFE	0000	83
		_BQ_get_chrg_state		CODE           	0CC1	0000	33
		_BQ_Write      		CODE           	0B9B	0000	21
		_BQ_UPDATE     		CODE           	043A	0000	129

BQ25895M.c estimated size: 341

ADC.c
		_readADC       		CODE           	0CE1	0000	36

ADC.c estimated size: 36

stusb4500.c
		_negotiate_optimal_pdo		CODE           	0226	0000	282
		_reset         		CODE           	0694	0000	112
		_write_pdo     		CODE           	04BA	0000	126
		_stusb_negotiate		CODE           	033F	0000	252

stusb4500.c estimated size: 772

main.c
		_ISR           		CODE           	0004	0000	31
		_main          		CODE           	0058	0000	463
		_PIC_SETUP     		CODE           	0D9B	0000	44
		_thermal_protection		CODE           	0C69	0000	27

main.c estimated size: 565

