Microchip MPLAB XC8 Compiler V2.10 ()

Linker command line:

-W-3 --edf=C:\Program Files (x86)\Microchip\xc8\v2.10\pic\dat\en_msgs.txt \
  -cs -h+dist/default/production\WiiPMS_V2.X.production.sym \
  --cmf=dist/default/production\WiiPMS_V2.X.production.cmf -z -Q16F15324 \
  -oC:\Users\Gunnar\AppData\Local\Temp\s6pk.2 --defsym=__MPLAB_BUILD=1 \
  -Mdist/default/production/WiiPMS_V2.X.production.map -E1 -ver=XC8 \
  --acfsm=1493 -ASTACK=020D3h-021EFh -pstack=STACK -ACODE=00h-07FFhx2 \
  -ASTRCODE=00h-0FFFh -ASTRING=00h-0FFhx16 -ACONST=00h-0FFhx16 \
  -AENTRY=00h-0FFhx16 -ACOMMON=070h-07Fh -ABANK0=021h-06Fh \
  -ABANK1=0A0h-0EFh -ABANK2=0120h-016Fh -ABANK3=01A0h-01EFh \
  -ABANK4=0220h-026Fh -ABANK5=02A0h-02EFh -ABANK6=0320h-032Fh \
  -ABIGRAM=02001h-021EFh \
  -ARAM=021h-06Fh,0A0h-0EFh,0120h-016Fh,01A0h-01EFh,0220h-026Fh,02A0h-02EFh,0320h-032Fh \
  -AABS1=020h-07Fh,0A0h-0EFh,0120h-016Fh,01A0h-01EFh,0220h-026Fh,02A0h-02EFh,0320h-032Fh \
  -ASFR0=00h-020h -ASFR1=080h-09Fh -ASFR2=0100h-011Fh -ASFR3=0180h-019Fh \
  -ASFR4=0200h-021Fh -ASFR5=0280h-029Fh -ASFR6=0300h-031Fh \
  -ASFR7=0380h-03EFh -ASFR8=0400h-046Fh -ASFR9=0480h-04EFh \
  -ASFR10=0500h-056Fh -ASFR11=0580h-05EFh -ASFR12=0600h-066Fh \
  -ASFR13=0680h-06EFh -ASFR14=0700h-076Fh -ASFR15=0780h-07EFh \
  -ASFR16=0800h-086Fh -ASFR17=0880h-08EFh -ASFR18=0900h-096Fh \
  -ASFR19=0980h-09EFh -ASFR20=0A00h-0A6Fh -ASFR21=0A80h-0AEFh \
  -ASFR22=0B00h-0B6Fh -ASFR23=0B80h-0BEFh -ASFR24=0C00h-0C6Fh \
  -ASFR25=0C80h-0CEFh -ASFR26=0D00h-0D6Fh -ASFR27=0D80h-0DEFh \
  -ASFR28=0E00h-0E6Fh -ASFR29=0E80h-0EEFh -ASFR30=0F00h-0F6Fh \
  -ASFR31=0F80h-0FEFh -ASFR32=01000h-0106Fh -ASFR33=01080h-010EFh \
  -ASFR34=01100h-0116Fh -ASFR35=01180h-011EFh -ASFR36=01200h-0126Fh \
  -ASFR37=01280h-012EFh -ASFR38=01300h-0136Fh -ASFR39=01380h-013EFh \
  -ASFR40=01400h-0146Fh -ASFR41=01480h-014EFh -ASFR42=01500h-0156Fh \
  -ASFR43=01580h-015EFh -ASFR44=01600h-0166Fh -ASFR45=01680h-016EFh \
  -ASFR46=01700h-0176Fh -ASFR47=01780h-017EFh -ASFR48=01800h-0186Fh \
  -ASFR49=01880h-018EFh -ASFR50=01900h-0196Fh -ASFR51=01980h-019EFh \
  -ASFR52=01A00h-01A6Fh -ASFR53=01A80h-01AEFh -ASFR54=01B00h-01B6Fh \
  -ASFR55=01B80h-01BEFh -ASFR56=01C00h-01C6Fh -ASFR57=01C80h-01CEFh \
  -ASFR58=01D00h-01D6Fh -ASFR59=01D80h-01DEFh -ASFR60=01E00h-01E6Fh \
  -ASFR61=01E80h-01EEFh -ASFR62=01F00h-01F6Fh -ASFR63=01F80h-01FEFh \
  -preset_vec=00h,intentry=04h,init,end_init -ppowerup=CODE -pcinit=CODE \
  -pfunctab=ENTRY -ACONFIG=08007h-0800Bh -pconfig=CONFIG -DCONFIG=2 \
  -AIDLOC=08000h-08003h -pidloc=IDLOC -DIDLOC=2 -DCODE=2 -DSTRCODE=2 \
  -DSTRING=2 -DCONST=2 -DENTRY=2 -k \
  C:\Users\Gunnar\AppData\Local\Temp\s6pk.o \
  dist/default/production\WiiPMS_V2.X.production.o 

Object code version is 3.11

Machine type is 16F15324



                Name                               Link     Load   Length Selector   Space Scale
C:\Users\Gunnar\AppData\Local\Temp\s6pk.o
                end_init                             6B       6B        2        8       0
                init                                 68       68        3        8       0
                reset_vec                             0        0        3        0       0
                config                             8007     8007        5    1000E       0
dist/default/production\WiiPMS_V2.X.production.o
                cinit                                6D       6D       3E        8       0
                intentry                              4        4       64        8       0
                text54                              AD3      AD3        A     15A6       0
                text53                              B2A      B2A       16     1654       0
                text51                              C87      C87       24     190E       0
                text50                              AE7      AE7        C     15CE       0
                text49                              A9A      A9A        6     1534       0
                text48                              AA0      AA0        6     1540       0
                text47                              ADD      ADD        A     15BA       0
                text46                              B40      B40       17     1680       0
                text45                              EF6      EF6       52     1DEC       0
                text44                              A8E      A8E        4     151C       0
                text43                              A92      A92        4     1524       0
                text42                              C64      C64       23     18C8       0
                text41                              CD0      CD0       29     19A0       0
                text40                              C43      C43       21     1886       0
                text39                              B19      B19       11     1632       0
                text38                              BE7      BE7       1E     17CE       0
                text37                              41C      41C       A1        8       0
                text36                              F48      F48       5B     1E90       0
                text35                              D77      D77       2F     1AEE       0
                text34                              E5B      E5B       4A     1CB6       0
                text33                              D4C      D4C       2B     1A98       0
                text32                              ACB      ACB        8     1596       0
                text31                              AC4      AC4        7     1588       0
                text30                              E17      E17       44     1C2E       0
                text29                              AF3      AF3        C     15E6       0
                text28                              4BD      4BD       82        8       0
                text27                              637      637       79        8       0
                text26                              797      797       60        8       0
                text25                              C23      C23       20     1846       0
                text24                              CAB      CAB       25     1956       0
                text23                              6B0      6B0       78        8       0
                text22                              EA5      EA5       51     1D4A       0
                text21                              D22      D22       2A     1A44       0
                text20                              AFF      AFF        C     15FE       0
                text19                              C05      C05       1E     180A       0
                text18                              AA6      AA6        6     154C       0
                text17                              B57      B57       17     16AE       0
                text16                              AAC      AAC        6     1558       0
                text15                              AB2      AB2        6     1564       0
                text14                              5BC      5BC       7B        8       0
                text13                              B6E      B6E       18     16DC       0
                text12                              DA6      DA6       34     1B4C       0
                text11                              DDA      DDA       3D     1BB4       0
                text10                              FA3      FA3       5D     1F46       0
                text9                               B86      B86       18     170C       0
                text8                               B9E      B9E       18     173C       0
                text7                               BB6      BB6       18     176C       0
                text6                               728      728       6F        8       0
                text5                               53F      53F       7D        8       0
                text4                                AB       AB      157        8       0
                text3                               320      320       FC        8       0
                text2                               CF9      CF9       29     19F2       0
                text1                               BCE      BCE       19     179C       0
                maintext                            202      202      11E        8       0
                cstackBANK0                          21       21       3F       21       1
                cstackCOMMON                         70       70        8       70       1
                cstackBANK1                          A0       A0       43       A0       1
                clrtext                             AB8      AB8        6     1570       0
                inittext                            ABE      ABE        6     157C       0
                dataBANK2                           145      145        E      120       1
                bssBANK2                            120      120       25      120       1
                dataBANK1                            EC       EC        4       A0       1
                bssBANK1                             E3       E3        9       A0       1
                dataBANK0                            6F       6F        1       21       1
                bssBANK0                             60       60        F       21       1
                bssCOMMON                            78       78        6       70       1
                stringtext1                         7F7      7F7       28      FEE       0
                idataBANK2                          B0B      B0B        E     1616       0
                idataBANK1                          A96      A96        4     152C       0
                idataBANK0                            3        3        1        0       0

TOTAL           Name                               Link     Load   Length     Space
        CLASS   STACK          

        CLASS   CODE           
                end_init                             6B       6B        2         0
                cinit                                6D       6D       3E         0
                init                                 68       68        3         0
                intentry                              4        4       64         0
                reset_vec                             0        0        3         0
                text54                              AD3      AD3        A         0
                text53                              B2A      B2A       16         0
                text51                              C87      C87       24         0
                text50                              AE7      AE7        C         0
                text49                              A9A      A9A        6         0
                text48                              AA0      AA0        6         0
                text47                              ADD      ADD        A         0
                text46                              B40      B40       17         0
                text45                              EF6      EF6       52         0
                text44                              A8E      A8E        4         0
                text43                              A92      A92        4         0
                text42                              C64      C64       23         0
                text41                              CD0      CD0       29         0
                text40                              C43      C43       21         0
                text39                              B19      B19       11         0
                text38                              BE7      BE7       1E         0
                text37                              41C      41C       A1         0
                text36                              F48      F48       5B         0
                text35                              D77      D77       2F         0
                text34                              E5B      E5B       4A         0
                text33                              D4C      D4C       2B         0
                text32                              ACB      ACB        8         0
                text31                              AC4      AC4        7         0
                text30                              E17      E17       44         0
                text29                              AF3      AF3        C         0
                text28                              4BD      4BD       82         0
                text27                              637      637       79         0
                text26                              797      797       60         0
                text25                              C23      C23       20         0
                text24                              CAB      CAB       25         0
                text23                              6B0      6B0       78         0
                text22                              EA5      EA5       51         0
                text21                              D22      D22       2A         0
                text20                              AFF      AFF        C         0
                text19                              C05      C05       1E         0
                text18                              AA6      AA6        6         0
                text17                              B57      B57       17         0
                text16                              AAC      AAC        6         0
                text15                              AB2      AB2        6         0
                text14                              5BC      5BC       7B         0
                text13                              B6E      B6E       18         0
                text12                              DA6      DA6       34         0
                text11                              DDA      DDA       3D         0
                text10                              FA3      FA3       5D         0
                text9                               B86      B86       18         0
                text8                               B9E      B9E       18         0
                text7                               BB6      BB6       18         0
                text6                               728      728       6F         0
                text5                               53F      53F       7D         0
                text4                                AB       AB      157         0
                text3                               320      320       FC         0
                text2                               CF9      CF9       29         0
                text1                               BCE      BCE       19         0
                maintext                            202      202      11E         0
                clrtext                             AB8      AB8        6         0
                inittext                            ABE      ABE        6         0
                idataBANK2                          B0B      B0B        E         0
                idataBANK1                          A96      A96        4         0
                idataBANK0                            3        3        1         0

        CLASS   STRCODE        
                stringtext1                         7F7      7F7       28         0

        CLASS   STRING         

        CLASS   CONST          

        CLASS   ENTRY          

        CLASS   COMMON         
                cstackCOMMON                         70       70        8         1
                bssCOMMON                            78       78        6         1

        CLASS   BANK0          
                cstackBANK0                          21       21       3F         1
                dataBANK0                            6F       6F        1         1
                bssBANK0                             60       60        F         1

        CLASS   BANK1          
                cstackBANK1                          A0       A0       43         1
                dataBANK1                            EC       EC        4         1
                bssBANK1                             E3       E3        9         1

        CLASS   BANK2          
                dataBANK2                           145      145        E         1
                bssBANK2                            120      120       25         1

        CLASS   BANK3          

        CLASS   BANK4          

        CLASS   BANK5          

        CLASS   BANK6          

        CLASS   BIGRAM         

        CLASS   RAM            

        CLASS   ABS1           
                abs_s1                               7E       7E        2         1

        CLASS   SFR0           

        CLASS   SFR1           

        CLASS   SFR2           

        CLASS   SFR3           

        CLASS   SFR4           

        CLASS   SFR5           

        CLASS   SFR6           

        CLASS   SFR7           

        CLASS   SFR8           

        CLASS   SFR9           

        CLASS   SFR10          

        CLASS   SFR11          

        CLASS   SFR12          

        CLASS   SFR13          

        CLASS   SFR14          

        CLASS   SFR15          

        CLASS   SFR16          

        CLASS   SFR17          

        CLASS   SFR18          

        CLASS   SFR19          

        CLASS   SFR20          

        CLASS   SFR21          

        CLASS   SFR22          

        CLASS   SFR23          

        CLASS   SFR24          

        CLASS   SFR25          

        CLASS   SFR26          

        CLASS   SFR27          

        CLASS   SFR28          

        CLASS   SFR29          

        CLASS   SFR30          

        CLASS   SFR31          

        CLASS   SFR32          

        CLASS   SFR33          

        CLASS   SFR34          

        CLASS   SFR35          

        CLASS   SFR36          

        CLASS   SFR37          

        CLASS   SFR38          

        CLASS   SFR39          

        CLASS   SFR40          

        CLASS   SFR41          

        CLASS   SFR42          

        CLASS   SFR43          

        CLASS   SFR44          

        CLASS   SFR45          

        CLASS   SFR46          

        CLASS   SFR47          

        CLASS   SFR48          

        CLASS   SFR49          

        CLASS   SFR50          

        CLASS   SFR51          

        CLASS   SFR52          

        CLASS   SFR53          

        CLASS   SFR54          

        CLASS   SFR55          

        CLASS   SFR56          

        CLASS   SFR57          

        CLASS   SFR58          

        CLASS   SFR59          

        CLASS   SFR60          

        CLASS   SFR61          

        CLASS   SFR62          

        CLASS   SFR63          

        CLASS   CONFIG         
                config                             8007     8007        5         0

        CLASS   IDLOC          

        CLASS   BANK63         

        CLASS   BANK62         

        CLASS   BANK61         

        CLASS   BANK60         

        CLASS   BANK59         

        CLASS   BANK58         

        CLASS   BANK57         

        CLASS   BANK56         

        CLASS   BANK55         

        CLASS   BANK54         

        CLASS   BANK53         

        CLASS   BANK52         

        CLASS   BANK51         

        CLASS   BANK50         

        CLASS   BANK49         

        CLASS   BANK48         

        CLASS   BANK47         

        CLASS   BANK46         

        CLASS   BANK45         

        CLASS   BANK44         

        CLASS   BANK43         

        CLASS   BANK42         

        CLASS   BANK41         

        CLASS   BANK40         

        CLASS   BANK39         

        CLASS   BANK38         

        CLASS   BANK37         

        CLASS   BANK36         

        CLASS   BANK35         

        CLASS   BANK34         

        CLASS   BANK33         

        CLASS   BANK32         

        CLASS   BANK31         

        CLASS   BANK30         

        CLASS   BANK29         

        CLASS   BANK28         

        CLASS   BANK27         

        CLASS   BANK26         

        CLASS   BANK25         

        CLASS   BANK24         

        CLASS   BANK23         

        CLASS   BANK22         

        CLASS   BANK21         

        CLASS   BANK20         

        CLASS   BANK19         

        CLASS   BANK18         

        CLASS   BANK17         

        CLASS   BANK16         

        CLASS   BANK15         

        CLASS   BANK14         

        CLASS   BANK13         

        CLASS   BANK12         

        CLASS   BANK11         

        CLASS   BANK10         

        CLASS   BANK9          

        CLASS   BANK8          

        CLASS   BANK7          

        CLASS   EEDATA         



SEGMENTS        Name                           Load    Length   Top    Selector   Space  Class     Delta

                reset_vec                      000000  000004  000004         0       0  CODE        2
                intentry                       000004  0007F3  0007F7         8       0  CODE        2
                cstackBANK0                    000021  00004F  000070        21       1  BANK0       1
                cstackCOMMON                   000070  00000E  00007E        70       1  COMMON      1
                cstackBANK1                    0000A0  000050  0000F0        A0       1  BANK1       1
                bssBANK2                       000120  000033  000153       120       1  BANK2       1
                stringtext1                    0007F7  000028  00081F       FEE       0  STRCODE     2
                text44                         000A8E  000004  000A92      151C       0  CODE        2
                text43                         000A92  000004  000A96      1524       0  CODE        2
                idataBANK1                     000A96  000004  000A9A      152C       0  CODE        2
                text49                         000A9A  000006  000AA0      1534       0  CODE        2
                text48                         000AA0  000006  000AA6      1540       0  CODE        2
                text18                         000AA6  000006  000AAC      154C       0  CODE        2
                text16                         000AAC  000006  000AB2      1558       0  CODE        2
                text15                         000AB2  000006  000AB8      1564       0  CODE        2
                clrtext                        000AB8  000006  000ABE      1570       0  CODE        2
                inittext                       000ABE  000006  000AC4      157C       0  CODE        2
                text31                         000AC4  000007  000ACB      1588       0  CODE        2
                text32                         000ACB  000008  000AD3      1596       0  CODE        2
                text54                         000AD3  00000A  000ADD      15A6       0  CODE        2
                text47                         000ADD  00000A  000AE7      15BA       0  CODE        2
                text50                         000AE7  00000C  000AF3      15CE       0  CODE        2
                text29                         000AF3  00000C  000AFF      15E6       0  CODE        2
                text20                         000AFF  00000C  000B0B      15FE       0  CODE        2
                idataBANK2                     000B0B  00000E  000B19      1616       0  CODE        2
                text39                         000B19  000011  000B2A      1632       0  CODE        2
                text53                         000B2A  000016  000B40      1654       0  CODE        2
                text46                         000B40  000017  000B57      1680       0  CODE        2
                text17                         000B57  000017  000B6E      16AE       0  CODE        2
                text13                         000B6E  000018  000B86      16DC       0  CODE        2
                text9                          000B86  000018  000B9E      170C       0  CODE        2
                text8                          000B9E  000018  000BB6      173C       0  CODE        2
                text7                          000BB6  000018  000BCE      176C       0  CODE        2
                text1                          000BCE  000019  000BE7      179C       0  CODE        2
                text38                         000BE7  00001E  000C05      17CE       0  CODE        2
                text19                         000C05  00001E  000C23      180A       0  CODE        2
                text25                         000C23  000020  000C43      1846       0  CODE        2
                text40                         000C43  000021  000C64      1886       0  CODE        2
                text42                         000C64  000023  000C87      18C8       0  CODE        2
                text51                         000C87  000024  000CAB      190E       0  CODE        2
                text24                         000CAB  000025  000CD0      1956       0  CODE        2
                text41                         000CD0  000029  000CF9      19A0       0  CODE        2
                text2                          000CF9  000029  000D22      19F2       0  CODE        2
                text21                         000D22  00002A  000D4C      1A44       0  CODE        2
                text33                         000D4C  00002B  000D77      1A98       0  CODE        2
                text35                         000D77  00002F  000DA6      1AEE       0  CODE        2
                text12                         000DA6  000034  000DDA      1B4C       0  CODE        2
                text11                         000DDA  00003D  000E17      1BB4       0  CODE        2
                text30                         000E17  000044  000E5B      1C2E       0  CODE        2
                text34                         000E5B  00004A  000EA5      1CB6       0  CODE        2
                text22                         000EA5  000051  000EF6      1D4A       0  CODE        2
                text45                         000EF6  000052  000F48      1DEC       0  CODE        2
                text36                         000F48  00005B  000FA3      1E90       0  CODE        2
                text10                         000FA3  00005D  001000      1F46       0  CODE        2
                config                         008007  000005  00800C     1000E       0  CONFIG      2


UNUSED ADDRESS RANGES

        Name                Unused          Largest block    Delta
        BANK2            00153-0016F              1D           1
        BANK3            001A0-001EF              50           1
        BANK4            00220-0026F              50           1
        BANK5            002A0-002EF              50           1
        BANK6            00320-0032F              10           1
        BIGRAM           02001-021EF             1EF           1
        CODE             0081F-00A8D             26F           2
        CONST            0081F-00A8D             100           2
        ENTRY            0081F-00A8D             100           2
        IDLOC            08000-08003               4           2
        RAM              00153-0016F              1D           1
                         001A0-001EF              50
                         00220-0026F              50
                         002A0-002EF              50
                         00320-0032F              10
        SFR0             00000-00020              21           1
        SFR1             00080-0009F              20           1
        SFR10            00500-0056F              70           1
        SFR11            00580-005EF              70           1
        SFR12            00600-0066F              70           1
        SFR13            00680-006EF              70           1
        SFR14            00700-0076F              70           1
        SFR15            00780-007EF              70           1
        SFR16            00800-0086F              70           1
        SFR17            00880-008EF              70           1
        SFR18            00900-0096F              70           1
        SFR19            00980-009EF              70           1
        SFR2             00100-0011F              20           1
        SFR20            00A00-00A6F              70           1
        SFR21            00A80-00AEF              70           1
        SFR22            00B00-00B6F              70           1
        SFR23            00B80-00BEF              70           1
        SFR24            00C00-00C6F              70           1
        SFR25            00C80-00CEF              70           1
        SFR26            00D00-00D6F              70           1
        SFR27            00D80-00DEF              70           1
        SFR28            00E00-00E6F              70           1
        SFR29            00E80-00EEF              70           1
        SFR3             00180-0019F              20           1
        SFR30            00F00-00F6F              70           1
        SFR31            00F80-00FEF              70           1
        SFR32            01000-0106F              70           1
        SFR33            01080-010EF              70           1
        SFR34            01100-0116F              70           1
        SFR35            01180-011EF              70           1
        SFR36            01200-0126F              70           1
        SFR37            01280-012EF              70           1
        SFR38            01300-0136F              70           1
        SFR39            01380-013EF              70           1
        SFR4             00200-0021F              20           1
        SFR40            01400-0146F              70           1
        SFR41            01480-014EF              70           1
        SFR42            01500-0156F              70           1
        SFR43            01580-015EF              70           1
        SFR44            01600-0166F              70           1
        SFR45            01680-016EF              70           1
        SFR46            01700-0176F              70           1
        SFR47            01780-017EF              70           1
        SFR48            01800-0186F              70           1
        SFR49            01880-018EF              70           1
        SFR5             00280-0029F              20           1
        SFR50            01900-0196F              70           1
        SFR51            01980-019EF              70           1
        SFR52            01A00-01A6F              70           1
        SFR53            01A80-01AEF              70           1
        SFR54            01B00-01B6F              70           1
        SFR55            01B80-01BEF              70           1
        SFR56            01C00-01C6F              70           1
        SFR57            01C80-01CEF              70           1
        SFR58            01D00-01D6F              70           1
        SFR59            01D80-01DEF              70           1
        SFR6             00300-0031F              20           1
        SFR60            01E00-01E6F              70           1
        SFR61            01E80-01EEF              70           1
        SFR62            01F00-01F6F              70           1
        SFR63            01F80-01FEF              70           1
        SFR7             00380-003EF              70           1
        SFR8             00400-0046F              70           1
        SFR9             00480-004EF              70           1
        STACK            020D3-021EF             11D           1
        STRCODE          0081F-00A8D             26F           2
        STRING           0081F-00A8D             100           2

                                  Symbol Table

?_BQ_Read                             cstackBANK0  00024
?___awdiv                             cstackBANK0  00027
?___lldiv                             cstackBANK0  0002D
?___lmul                              cstackBANK0  00021
?___lwdiv                             cstackBANK0  00021
?___wmul                              cstackBANK0  00021
?_get_time                            cstackBANK0  00021
?_i2c_master_read                     cstackBANK0  00025
?_i2c_master_read_u16                 cstackBANK0  0002E
?_i2c_master_read_u8                  cstackBANK0  0002E
?_i2c_master_send_byte                cstackBANK0  00021
?_i2c_master_write                    cstackBANK0  00025
?_i2c_master_write_u32                cstackBANK0  0002F
?_i2c_master_write_u8                 cstackBANK0  0002F
?_negotiate_optimal_pdo               cstackBANK0  0004F
?_readADC                             cstackBANK0  00021
?_reset                               cstackBANK0  00033
?_timer_diff                          cstackBANK0  00021
?_write_pdo                           cstackBANK0  0003A
?i1_get_time                          cstackCOMMON 00070
?i1_timer_diff                        cstackCOMMON 00070
BQ_Read@data                          cstackBANK0  00029
BQ_Read@reg                           cstackBANK0  00028
BQ_Write@data                         cstackBANK0  00022
BQ_Write@reg                          cstackBANK0  00023
BQ_get_chrg_state@data                cstackBANK0  0002C
BQ_get_chrg_state@temp                cstackBANK0  0002E
I2C_Master_Init@clk                   cstackBANK0  0003B
I2C_Master_Read@ack                   cstackBANK0  00022
I2C_Master_Read@data                  cstackBANK0  00023
I2C_Master_Write@data                 cstackBANK0  00021
I2C_bus_reset@i                       cstackBANK0  00022
Map@inMax                             cstackBANK0  00033
Map@inMin                             cstackBANK0  00032
Map@outMax                            cstackBANK0  00035
Map@outMin                            cstackBANK0  00034
Map@x                                 cstackBANK0  00030
_ADCON0                               (abs)        0009D
_ADCON0bits                           (abs)        0009D
_ADCON1                               (abs)        0009E
_ADRESH                               (abs)        0009C
_ANSELA                               (abs)        01F38
_ANSELAbits                           (abs)        01F38
_ANSELC                               (abs)        01F4E
_BATTERY_VOLTAGE                      bssBANK0     0006D
_BQ_CONFIG_INIT                       text51       00C87
_BQ_INIT                              text45       00EF6
_BQ_Read                              text41       00CD0
_BQ_UPDATE                            text37       0041C
_BQ_Write                             text46       00B40
_BQ_adc_state                         bssBANK0     0006C
_BQ_adc_time                          bssBANK2     0012C
_BQ_get_chrg_state                    text40       00C43
_CPUDOZEbits                          (abs)        0088C
_I2C_Master_Ack                       text44       00A8E
_I2C_Master_Init                      text35       00D77
_I2C_Master_Read                      text42       00C64
_I2C_Master_Start                     text49       00A9A
_I2C_Master_Stop                      text48       00AA0
_I2C_Master_Wait                      text50       00AE7
_I2C_Master_Write                     text47       00ADD
_I2C_Master_nAck                      text43       00A92
_I2C_bus_reset                        text34       00E5B
_INTCONbits                           (abs)        0000B
_IOCAF                                (abs)        01F3F
_IOCAF5                               (abs)        0F9FD
_IOCAN                                (abs)        01F3E
_IOCAP                                (abs)        01F3D
_ISR                                  intentry     00004
_Map                                  text24       00CAB
_NVMADRH                              (abs)        0081B
_NVMADRL                              (abs)        0081A
_NVMCON1bits                          (abs)        0081E
_NVMCON2                              (abs)        0081F
_NVMDATL                              (abs)        0081C
_PIC_SETUP                            text33       00D4C
_PIE0bits                             (abs)        00716
_PIE4bits                             (abs)        0071A
_PPSLOCK                              (abs)        01E8F
_PPS_lock                             text32       00ACB
_PPS_unlock                           text31       00AC4
_PR2                                  (abs)        0028D
_PWM3CON                              (abs)        00316
_PWM3CONbits                          (abs)        00316
_PWM3DCH                              (abs)        00315
_PWM3DCL                              (abs)        00314
_PWM4CON                              (abs)        0031A
_PWM4CONbits                          (abs)        0031A
_PWM4DCH                              (abs)        00319
_PWM4DCL                              (abs)        00318
_PWM5CON                              (abs)        0031E
_PWM5CONbits                          (abs)        0031E
_PWM5DCH                              (abs)        0031D
_PWM5DCL                              (abs)        0031C
_PWM_INIT                             text30       00E17
_PWM_power_down                       text29       00AF3
_RA2                                  (abs)        00062
_RA5                                  (abs)        00065
_RC0                                  (abs)        00070
_RC0PPS                               (abs)        01F20
_RC1                                  (abs)        00071
_RC1PPS                               (abs)        01F21
_RC2                                  (abs)        00072
_RC2PPS                               (abs)        01F22
_RC3                                  (abs)        00073
_RC3PPS                               (abs)        01F23
_RC4                                  (abs)        00074
_RC4PPS                               (abs)        01F24
_RC5                                  (abs)        00075
_REG00_config                         bssBANK0     00068
_REG01_config                         bssBANK0     00067
_REG02_config                         bssBANK0     00066
_REG03_config                         bssBANK0     00065
_REG04_config                         bssCOMMON    0007C
_REG05_config                         bssCOMMON    0007B
_REG06_config                         bssCOMMON    0007A
_REG07_config                         bssCOMMON    00079
_REG08_config                         bssCOMMON    00078
_RGB_fade                             text27       00637
_SSP1ADD                              (abs)        0018D
_SSP1BUF                              (abs)        0018C
_SSP1CLKPPS                           (abs)        01EC5
_SSP1CON1                             (abs)        00190
_SSP1CON2                             (abs)        00191
_SSP1CON2bits                         (abs)        00191
_SSP1CON3                             (abs)        00192
_SSP1DATPPS                           (abs)        01EC6
_SSP1STAT                             (abs)        0018F
_SYS_ENABLE                           bssBANK0     0006B
_T1CLK                                (abs)        00211
_T1CONbits                            (abs)        0020E
_T1GCONbits                           (abs)        0020F
_T2CKPS0                              (abs)        01474
_T2CKPS1                              (abs)        01475
_T2CKPS2                              (abs)        01476
_T2CLKCON                             (abs)        00290
_T2OUTPS0                             (abs)        01470
_T2OUTPS1                             (abs)        01471
_T2OUTPS2                             (abs)        01472
_T2OUTPS3                             (abs)        01473
_TMR1                                 (abs)        0020C
_TMR1IF                               (abs)        03880
_TMR2                                 (abs)        0028C
_TMR2IF                               (abs)        03881
_TMR2ON                               (abs)        01477
_TRISA                                (abs)        00012
_TRISAbits                            (abs)        00012
_TRISC                                (abs)        00014
_TRISCbits                            (abs)        00014
_VBUS_CHRG_STATE                      bssBANK0     0006E
_VREGCON                              (abs)        00812
_WPUA                                 (abs)        01F39
__CFG_BBEN$OFF                        (abs)        00000
__CFG_BBSIZE$BB512                    (abs)        00000
__CFG_BOREN$ON                        (abs)        00000
__CFG_BORV$LO                         (abs)        00000
__CFG_CLKOUTEN$OFF                    (abs)        00000
__CFG_CP$OFF                          (abs)        00000
__CFG_CSWEN$ON                        (abs)        00000
__CFG_FCMEN$ON                        (abs)        00000
__CFG_FEXTOSC$OFF                     (abs)        00000
__CFG_LPBOREN$OFF                     (abs)        00000
__CFG_LVP$OFF                         (abs)        00000
__CFG_MCLRE$OFF                       (abs)        00000
__CFG_PPS1WAY$OFF                     (abs)        00000
__CFG_PWRTE$OFF                       (abs)        00000
__CFG_RSTOSC$HFINT32                  (abs)        00000
__CFG_SAFEN$OFF                       (abs)        00000
__CFG_STVREN$ON                       (abs)        00000
__CFG_WDTCCS$LFINTOSC                 (abs)        00000
__CFG_WDTCPS$WDTCPS_13                (abs)        00000
__CFG_WDTCWS$WDTCWS_7                 (abs)        00000
__CFG_WDTE$ON                         (abs)        00000
__CFG_WRTAPP$OFF                      (abs)        00000
__CFG_WRTB$OFF                        (abs)        00000
__CFG_WRTC$OFF                        (abs)        00000
__CFG_WRTSAF$OFF                      (abs)        00000
__CFG_ZCD$OFF                         (abs)        00000
__Habs1                               abs1         00000
__Hbank0                              bank0        00000
__Hbank1                              bank1        00000
__Hbank10                             bank10       00000
__Hbank11                             bank11       00000
__Hbank12                             bank12       00000
__Hbank13                             bank13       00000
__Hbank14                             bank14       00000
__Hbank15                             bank15       00000
__Hbank16                             bank16       00000
__Hbank17                             bank17       00000
__Hbank18                             bank18       00000
__Hbank19                             bank19       00000
__Hbank2                              bank2        00000
__Hbank20                             bank20       00000
__Hbank21                             bank21       00000
__Hbank22                             bank22       00000
__Hbank23                             bank23       00000
__Hbank24                             bank24       00000
__Hbank25                             bank25       00000
__Hbank26                             bank26       00000
__Hbank27                             bank27       00000
__Hbank28                             bank28       00000
__Hbank29                             bank29       00000
__Hbank3                              bank3        00000
__Hbank30                             bank30       00000
__Hbank31                             bank31       00000
__Hbank32                             bank32       00000
__Hbank33                             bank33       00000
__Hbank34                             bank34       00000
__Hbank35                             bank35       00000
__Hbank36                             bank36       00000
__Hbank37                             bank37       00000
__Hbank38                             bank38       00000
__Hbank39                             bank39       00000
__Hbank4                              bank4        00000
__Hbank40                             bank40       00000
__Hbank41                             bank41       00000
__Hbank42                             bank42       00000
__Hbank43                             bank43       00000
__Hbank44                             bank44       00000
__Hbank45                             bank45       00000
__Hbank46                             bank46       00000
__Hbank47                             bank47       00000
__Hbank48                             bank48       00000
__Hbank49                             bank49       00000
__Hbank5                              bank5        00000
__Hbank50                             bank50       00000
__Hbank51                             bank51       00000
__Hbank52                             bank52       00000
__Hbank53                             bank53       00000
__Hbank54                             bank54       00000
__Hbank55                             bank55       00000
__Hbank56                             bank56       00000
__Hbank57                             bank57       00000
__Hbank58                             bank58       00000
__Hbank59                             bank59       00000
__Hbank6                              bank6        00000
__Hbank60                             bank60       00000
__Hbank61                             bank61       00000
__Hbank62                             bank62       00000
__Hbank63                             bank63       00000
__Hbank7                              bank7        00000
__Hbank8                              bank8        00000
__Hbank9                              bank9        00000
__Hbigram                             bigram       00000
__HbssBANK0                           bssBANK0     00000
__HbssBANK1                           bssBANK1     00000
__HbssBANK2                           bssBANK2     00000
__HbssCOMMON                          bssCOMMON    00000
__Hcinit                              cinit        000AB
__Hclrtext                            clrtext      00000
__Hcode                               code         00000
__Hcommon                             common       00000
__Hconfig                             config       0800C
__HcstackBANK0                        cstackBANK0  00000
__HcstackBANK1                        cstackBANK1  00000
__HcstackCOMMON                       cstackCOMMON 00000
__HdataBANK0                          dataBANK0    00000
__HdataBANK1                          dataBANK1    00000
__HdataBANK2                          dataBANK2    00000
__Heeprom_data                        eeprom_data  00000
__Hend_init                           end_init     0006D
__Hfunctab                            functab      00000
__HidataBANK0                         idataBANK0   00000
__HidataBANK1                         idataBANK1   00000
__HidataBANK2                         idataBANK2   00000
__Hidloc                              idloc        00000
__Hinit                               init         0006B
__Hinittext                           inittext     00000
__Hintentry                           intentry     00068
__Hmaintext                           maintext     00000
__Hpowerup                            powerup      00000
__Hram                                ram          00000
__Hreset_vec                          reset_vec    00003
__Hsfr0                               sfr0         00000
__Hsfr1                               sfr1         00000
__Hsfr10                              sfr10        00000
__Hsfr11                              sfr11        00000
__Hsfr12                              sfr12        00000
__Hsfr13                              sfr13        00000
__Hsfr14                              sfr14        00000
__Hsfr15                              sfr15        00000
__Hsfr16                              sfr16        00000
__Hsfr17                              sfr17        00000
__Hsfr18                              sfr18        00000
__Hsfr19                              sfr19        00000
__Hsfr2                               sfr2         00000
__Hsfr20                              sfr20        00000
__Hsfr21                              sfr21        00000
__Hsfr22                              sfr22        00000
__Hsfr23                              sfr23        00000
__Hsfr24                              sfr24        00000
__Hsfr25                              sfr25        00000
__Hsfr26                              sfr26        00000
__Hsfr27                              sfr27        00000
__Hsfr28                              sfr28        00000
__Hsfr29                              sfr29        00000
__Hsfr3                               sfr3         00000
__Hsfr30                              sfr30        00000
__Hsfr31                              sfr31        00000
__Hsfr32                              sfr32        00000
__Hsfr33                              sfr33        00000
__Hsfr34                              sfr34        00000
__Hsfr35                              sfr35        00000
__Hsfr36                              sfr36        00000
__Hsfr37                              sfr37        00000
__Hsfr38                              sfr38        00000
__Hsfr39                              sfr39        00000
__Hsfr4                               sfr4         00000
__Hsfr40                              sfr40        00000
__Hsfr41                              sfr41        00000
__Hsfr42                              sfr42        00000
__Hsfr43                              sfr43        00000
__Hsfr44                              sfr44        00000
__Hsfr45                              sfr45        00000
__Hsfr46                              sfr46        00000
__Hsfr47                              sfr47        00000
__Hsfr48                              sfr48        00000
__Hsfr49                              sfr49        00000
__Hsfr5                               sfr5         00000
__Hsfr50                              sfr50        00000
__Hsfr51                              sfr51        00000
__Hsfr52                              sfr52        00000
__Hsfr53                              sfr53        00000
__Hsfr54                              sfr54        00000
__Hsfr55                              sfr55        00000
__Hsfr56                              sfr56        00000
__Hsfr57                              sfr57        00000
__Hsfr58                              sfr58        00000
__Hsfr59                              sfr59        00000
__Hsfr6                               sfr6         00000
__Hsfr60                              sfr60        00000
__Hsfr61                              sfr61        00000
__Hsfr62                              sfr62        00000
__Hsfr63                              sfr63        00000
__Hsfr7                               sfr7         00000
__Hsfr8                               sfr8         00000
__Hsfr9                               sfr9         00000
__Hspace_0                            (abs)        0800C
__Hspace_1                            (abs)        00153
__Hspace_2                            (abs)        00000
__Hspace_3                            (abs)        00000
__Hstack                              stack        00000
__Hstrings                            strings      00000
__Hstringtext1                        stringtext1  00000
__Htext                               text         00000
__Labs1                               abs1         00000
__Lbank0                              bank0        00000
__Lbank1                              bank1        00000
__Lbank10                             bank10       00000
__Lbank11                             bank11       00000
__Lbank12                             bank12       00000
__Lbank13                             bank13       00000
__Lbank14                             bank14       00000
__Lbank15                             bank15       00000
__Lbank16                             bank16       00000
__Lbank17                             bank17       00000
__Lbank18                             bank18       00000
__Lbank19                             bank19       00000
__Lbank2                              bank2        00000
__Lbank20                             bank20       00000
__Lbank21                             bank21       00000
__Lbank22                             bank22       00000
__Lbank23                             bank23       00000
__Lbank24                             bank24       00000
__Lbank25                             bank25       00000
__Lbank26                             bank26       00000
__Lbank27                             bank27       00000
__Lbank28                             bank28       00000
__Lbank29                             bank29       00000
__Lbank3                              bank3        00000
__Lbank30                             bank30       00000
__Lbank31                             bank31       00000
__Lbank32                             bank32       00000
__Lbank33                             bank33       00000
__Lbank34                             bank34       00000
__Lbank35                             bank35       00000
__Lbank36                             bank36       00000
__Lbank37                             bank37       00000
__Lbank38                             bank38       00000
__Lbank39                             bank39       00000
__Lbank4                              bank4        00000
__Lbank40                             bank40       00000
__Lbank41                             bank41       00000
__Lbank42                             bank42       00000
__Lbank43                             bank43       00000
__Lbank44                             bank44       00000
__Lbank45                             bank45       00000
__Lbank46                             bank46       00000
__Lbank47                             bank47       00000
__Lbank48                             bank48       00000
__Lbank49                             bank49       00000
__Lbank5                              bank5        00000
__Lbank50                             bank50       00000
__Lbank51                             bank51       00000
__Lbank52                             bank52       00000
__Lbank53                             bank53       00000
__Lbank54                             bank54       00000
__Lbank55                             bank55       00000
__Lbank56                             bank56       00000
__Lbank57                             bank57       00000
__Lbank58                             bank58       00000
__Lbank59                             bank59       00000
__Lbank6                              bank6        00000
__Lbank60                             bank60       00000
__Lbank61                             bank61       00000
__Lbank62                             bank62       00000
__Lbank63                             bank63       00000
__Lbank7                              bank7        00000
__Lbank8                              bank8        00000
__Lbank9                              bank9        00000
__Lbigram                             bigram       00000
__LbssBANK0                           bssBANK0     00000
__LbssBANK1                           bssBANK1     00000
__LbssBANK2                           bssBANK2     00000
__LbssCOMMON                          bssCOMMON    00000
__Lcinit                              cinit        0006D
__Lclrtext                            clrtext      00000
__Lcode                               code         00000
__Lcommon                             common       00000
__Lconfig                             config       08007
__LcstackBANK0                        cstackBANK0  00000
__LcstackBANK1                        cstackBANK1  00000
__LcstackCOMMON                       cstackCOMMON 00000
__LdataBANK0                          dataBANK0    00000
__LdataBANK1                          dataBANK1    00000
__LdataBANK2                          dataBANK2    00000
__Leeprom_data                        eeprom_data  00000
__Lend_init                           end_init     0006B
__Lfunctab                            functab      00000
__LidataBANK0                         idataBANK0   00000
__LidataBANK1                         idataBANK1   00000
__LidataBANK2                         idataBANK2   00000
__Lidloc                              idloc        00000
__Linit                               init         00068
__Linittext                           inittext     00000
__Lintentry                           intentry     00004
__Lmaintext                           maintext     00000
__Lpowerup                            powerup      00000
__Lram                                ram          00000
__Lreset_vec                          reset_vec    00000
__Lsfr0                               sfr0         00000
__Lsfr1                               sfr1         00000
__Lsfr10                              sfr10        00000
__Lsfr11                              sfr11        00000
__Lsfr12                              sfr12        00000
__Lsfr13                              sfr13        00000
__Lsfr14                              sfr14        00000
__Lsfr15                              sfr15        00000
__Lsfr16                              sfr16        00000
__Lsfr17                              sfr17        00000
__Lsfr18                              sfr18        00000
__Lsfr19                              sfr19        00000
__Lsfr2                               sfr2         00000
__Lsfr20                              sfr20        00000
__Lsfr21                              sfr21        00000
__Lsfr22                              sfr22        00000
__Lsfr23                              sfr23        00000
__Lsfr24                              sfr24        00000
__Lsfr25                              sfr25        00000
__Lsfr26                              sfr26        00000
__Lsfr27                              sfr27        00000
__Lsfr28                              sfr28        00000
__Lsfr29                              sfr29        00000
__Lsfr3                               sfr3         00000
__Lsfr30                              sfr30        00000
__Lsfr31                              sfr31        00000
__Lsfr32                              sfr32        00000
__Lsfr33                              sfr33        00000
__Lsfr34                              sfr34        00000
__Lsfr35                              sfr35        00000
__Lsfr36                              sfr36        00000
__Lsfr37                              sfr37        00000
__Lsfr38                              sfr38        00000
__Lsfr39                              sfr39        00000
__Lsfr4                               sfr4         00000
__Lsfr40                              sfr40        00000
__Lsfr41                              sfr41        00000
__Lsfr42                              sfr42        00000
__Lsfr43                              sfr43        00000
__Lsfr44                              sfr44        00000
__Lsfr45                              sfr45        00000
__Lsfr46                              sfr46        00000
__Lsfr47                              sfr47        00000
__Lsfr48                              sfr48        00000
__Lsfr49                              sfr49        00000
__Lsfr5                               sfr5         00000
__Lsfr50                              sfr50        00000
__Lsfr51                              sfr51        00000
__Lsfr52                              sfr52        00000
__Lsfr53                              sfr53        00000
__Lsfr54                              sfr54        00000
__Lsfr55                              sfr55        00000
__Lsfr56                              sfr56        00000
__Lsfr57                              sfr57        00000
__Lsfr58                              sfr58        00000
__Lsfr59                              sfr59        00000
__Lsfr6                               sfr6         00000
__Lsfr60                              sfr60        00000
__Lsfr61                              sfr61        00000
__Lsfr62                              sfr62        00000
__Lsfr63                              sfr63        00000
__Lsfr7                               sfr7         00000
__Lsfr8                               sfr8         00000
__Lsfr9                               sfr9         00000
__Lspace_0                            (abs)        00000
__Lspace_1                            (abs)        00000
__Lspace_2                            (abs)        00000
__Lspace_3                            (abs)        00000
__Lstack                              stack        00000
__Lstrings                            strings      00000
__Lstringtext1                        stringtext1  00000
__Ltext                               text         00000
__S0                                  (abs)        0800C
__S1                                  (abs)        00153
__S2                                  (abs)        00000
___awdiv                              text26       00797
___awdiv@counter                      cstackBANK0  0002C
___awdiv@dividend                     cstackBANK0  00029
___awdiv@divisor                      cstackBANK0  00027
___awdiv@quotient                     cstackBANK0  0002E
___awdiv@sign                         cstackBANK0  0002D
___int_sp                             stack        00000
___latbits                            (abs)        00001
___lldiv                              text36       00F48
___lldiv@counter                      cstackBANK0  0003A
___lldiv@dividend                     cstackBANK0  00031
___lldiv@divisor                      cstackBANK0  0002D
___lldiv@quotient                     cstackBANK0  00036
___lmul                               text12       00DA6
___lmul@multiplicand                  cstackBANK0  00025
___lmul@multiplier                    cstackBANK0  00021
___lmul@product                       cstackBANK0  00029
___lwdiv                              text11       00DDA
___lwdiv@counter                      cstackBANK0  00028
___lwdiv@dividend                     cstackBANK0  00023
___lwdiv@divisor                      cstackBANK0  00021
___lwdiv@quotient                     cstackBANK0  00026
___powerdown                          (abs)        00103
___resetbits                          (abs)        00020
___sp                                 stack        00000
___stackhi                            (abs)        021EF
___stacklo                            (abs)        020D3
___timeout                            (abs)        00104
___wmul                               text25       00C23
___wmul@multiplicand                  cstackBANK0  00023
___wmul@multiplier                    cstackBANK0  00021
___wmul@product                       cstackBANK0  00025
__end_of_BQ_CONFIG_INIT               text51       00CAB
__end_of_BQ_INIT                      text45       00F48
__end_of_BQ_Read                      text41       00CF9
__end_of_BQ_UPDATE                    text37       004BD
__end_of_BQ_Write                     text46       00B57
__end_of_BQ_get_chrg_state            text40       00C64
__end_of_I2C_Master_Ack               text44       00A92
__end_of_I2C_Master_Init              text35       00DA6
__end_of_I2C_Master_Read              text42       00C87
__end_of_I2C_Master_Start             text49       00AA0
__end_of_I2C_Master_Stop              text48       00AA6
__end_of_I2C_Master_Wait              text50       00AF3
__end_of_I2C_Master_Write             text47       00AE7
__end_of_I2C_Master_nAck              text43       00A96
__end_of_I2C_bus_reset                text34       00EA5
__end_of_ISR                          intentry     00068
__end_of_Map                          text24       00CD0
__end_of_PIC_SETUP                    text33       00D77
__end_of_PPS_lock                     text32       00AD3
__end_of_PPS_unlock                   text31       00ACB
__end_of_PWM_INIT                     text30       00E5B
__end_of_PWM_power_down               text29       00AFF
__end_of_RGB_fade                     text27       006B0
__end_of___awdiv                      text26       007F7
__end_of___lldiv                      text36       00FA3
__end_of___lmul                       text12       00DDA
__end_of___lwdiv                      text11       00E17
__end_of___wmul                       text25       00C43
__end_of__initialization              cinit        000A7
__end_of_battery_fade                 text23       00728
__end_of_chrg_led                     text28       0053F
__end_of_flash_led                    text22       00EF6
__end_of_get_time                     text39       00B2A
__end_of_i2c_master_read              text14       00637
__end_of_i2c_master_read_u16          text13       00B86
__end_of_i2c_master_read_u8           text8        00BB6
__end_of_i2c_master_receive_byte      text19       00C23
__end_of_i2c_master_repeat_start      text18       00AAC
__end_of_i2c_master_send_byte         text17       00B6E
__end_of_i2c_master_start             text16       00AB2
__end_of_i2c_master_stop              text15       00AB8
__end_of_i2c_master_wait              text20       00B0B
__end_of_i2c_master_write             text10       01000
__end_of_i2c_master_write_u32         text9        00B9E
__end_of_i2c_master_write_u8          text7        00BCE
__end_of_led_modes                    text21       00D4C
__end_of_main                         maintext     00320
__end_of_negotiate_optimal_pdo        text4        00202
__end_of_nvm_config                   stringtext1  0081F
__end_of_readADC                      text2        00D22
__end_of_reset                        text6        00797
__end_of_stusb_negotiate              text3        0041C
__end_of_thermal_protection           text1        00BE7
__end_of_timer_diff                   text38       00C05
__end_of_write_pdo                    text5        005BC
__end_ofi1_get_time                   text54       00ADD
__end_ofi1_timer_diff                 text53       00B40
__initialization                      cinit        0006D
__pbssBANK0                           bssBANK0     00060
__pbssBANK1                           bssBANK1     000E3
__pbssBANK2                           bssBANK2     00120
__pbssCOMMON                          bssCOMMON    00078
__pcstackBANK0                        cstackBANK0  00021
__pcstackBANK1                        cstackBANK1  000A0
__pcstackCOMMON                       cstackCOMMON 00070
__pdataBANK0                          dataBANK0    0006F
__pdataBANK1                          dataBANK1    000EC
__pdataBANK2                          dataBANK2    00145
__pidataBANK0                         idataBANK0   00003
__pidataBANK1                         idataBANK1   00A96
__pidataBANK2                         idataBANK2   00B0B
__pintentry                           intentry     00004
__pmaintext                           maintext     00202
__pstringtext1                        stringtext1  007F7
__ptext1                              text1        00BCE
__ptext10                             text10       00FA3
__ptext11                             text11       00DDA
__ptext12                             text12       00DA6
__ptext13                             text13       00B6E
__ptext14                             text14       005BC
__ptext15                             text15       00AB2
__ptext16                             text16       00AAC
__ptext17                             text17       00B57
__ptext18                             text18       00AA6
__ptext19                             text19       00C05
__ptext2                              text2        00CF9
__ptext20                             text20       00AFF
__ptext21                             text21       00D22
__ptext22                             text22       00EA5
__ptext23                             text23       006B0
__ptext24                             text24       00CAB
__ptext25                             text25       00C23
__ptext26                             text26       00797
__ptext27                             text27       00637
__ptext28                             text28       004BD
__ptext29                             text29       00AF3
__ptext3                              text3        00320
__ptext30                             text30       00E17
__ptext31                             text31       00AC4
__ptext32                             text32       00ACB
__ptext33                             text33       00D4C
__ptext34                             text34       00E5B
__ptext35                             text35       00D77
__ptext36                             text36       00F48
__ptext37                             text37       0041C
__ptext38                             text38       00BE7
__ptext39                             text39       00B19
__ptext4                              text4        000AB
__ptext40                             text40       00C43
__ptext41                             text41       00CD0
__ptext42                             text42       00C64
__ptext43                             text43       00A92
__ptext44                             text44       00A8E
__ptext45                             text45       00EF6
__ptext46                             text46       00B40
__ptext47                             text47       00ADD
__ptext48                             text48       00AA0
__ptext49                             text49       00A9A
__ptext5                              text5        0053F
__ptext50                             text50       00AE7
__ptext51                             text51       00C87
__ptext53                             text53       00B2A
__ptext54                             text54       00AD3
__ptext6                              text6        00728
__ptext7                              text7        00BB6
__ptext8                              text8        00B9E
__ptext9                              text9        00B86
__size_of_BQ_CONFIG_INIT              (abs)        00000
__size_of_BQ_INIT                     (abs)        00000
__size_of_BQ_Read                     (abs)        00000
__size_of_BQ_UPDATE                   (abs)        00000
__size_of_BQ_Write                    (abs)        00000
__size_of_BQ_get_chrg_state           (abs)        00000
__size_of_I2C_Master_Ack              (abs)        00000
__size_of_I2C_Master_Init             (abs)        00000
__size_of_I2C_Master_Read             (abs)        00000
__size_of_I2C_Master_Start            (abs)        00000
__size_of_I2C_Master_Stop             (abs)        00000
__size_of_I2C_Master_Wait             (abs)        00000
__size_of_I2C_Master_Write            (abs)        00000
__size_of_I2C_Master_nAck             (abs)        00000
__size_of_I2C_bus_reset               (abs)        00000
__size_of_ISR                         (abs)        00000
__size_of_Map                         (abs)        00000
__size_of_PIC_SETUP                   (abs)        00000
__size_of_PPS_lock                    (abs)        00000
__size_of_PPS_unlock                  (abs)        00000
__size_of_PWM_INIT                    (abs)        00000
__size_of_PWM_power_down              (abs)        00000
__size_of_RGB_fade                    (abs)        00000
__size_of___awdiv                     (abs)        00000
__size_of___lldiv                     (abs)        00000
__size_of___lmul                      (abs)        00000
__size_of___lwdiv                     (abs)        00000
__size_of___wmul                      (abs)        00000
__size_of_battery_fade                (abs)        00000
__size_of_chrg_led                    (abs)        00000
__size_of_flash_led                   (abs)        00000
__size_of_get_time                    (abs)        00000
__size_of_i2c_master_read             (abs)        00000
__size_of_i2c_master_read_u16         (abs)        00000
__size_of_i2c_master_read_u8          (abs)        00000
__size_of_i2c_master_receive_byte     (abs)        00000
__size_of_i2c_master_repeat_start     (abs)        00000
__size_of_i2c_master_send_byte        (abs)        00000
__size_of_i2c_master_start            (abs)        00000
__size_of_i2c_master_stop             (abs)        00000
__size_of_i2c_master_wait             (abs)        00000
__size_of_i2c_master_write            (abs)        00000
__size_of_i2c_master_write_u32        (abs)        00000
__size_of_i2c_master_write_u8         (abs)        00000
__size_of_led_modes                   (abs)        00000
__size_of_main                        (abs)        00000
__size_of_negotiate_optimal_pdo       (abs)        00000
__size_of_readADC                     (abs)        00000
__size_of_reset                       (abs)        00000
__size_of_stusb_negotiate             (abs)        00000
__size_of_thermal_protection          (abs)        00000
__size_of_timer_diff                  (abs)        00000
__size_of_write_pdo                   (abs)        00000
__size_ofi1_get_time                  (abs)        00000
__size_ofi1_timer_diff                (abs)        00000
_battery_fade                         text23       006B0
_btn_is_debounced                     bssBANK0     0006A
_btn_is_pressed                       bssCOMMON    0007D
_btn_time                             bssBANK2     00134
_btn_time_start                       bssBANK2     00138
_c                                    bssBANK0     00063
_chrg_delay                           bssBANK2     00124
_chrg_led                             text28       004BD
_color                                bssBANK0     00062
_dir                                  bssBANK0     00061
_flash_led                            text22       00EA5
_flash_state                          bssBANK0     00060
_flash_time                           bssBANK2     00120
_get_time                             text39       00B19
_i                                    bssBANK0     00064
_i2c_master_read                      text14       005BC
_i2c_master_read_u16                  text13       00B6E
_i2c_master_read_u8                   text8        00B9E
_i2c_master_receive_byte              text19       00C05
_i2c_master_repeat_start              text18       00AA6
_i2c_master_send_byte                 text17       00B57
_i2c_master_start                     text16       00AAC
_i2c_master_stop                      text15       00AB2
_i2c_master_wait                      text20       00AFF
_i2c_master_write                     text10       00FA3
_i2c_master_write_u32                 text9        00B86
_i2c_master_write_u8                  text7        00BB6
_led_modes                            text21       00D22
_main                                 maintext     00202
_mode                                 dataBANK0    0006F
_negotiate_optimal_pdo                text4        000AB
_nvm_config                           stringtext1  007F7
_readADC                              text2        00CF9
_reset                                text6        00728
_rgb_delay                            bssBANK2     00128
_set_stusb4500                        bssBANK0     00069
_stusb4500_timeout                    bssBANK2     00130
_stusb_negotiate                      text3        00320
_thermal_protection                   text1        00BCE
_timer_counter                        bssBANK1     000E3
_timer_diff                           text38       00BE7
_write_pdo                            text5        0053F
battery_fade@v                        cstackBANK0  00040
btemp                                 (abs)        0007E
clear_ram0                            clrtext      00AB8
end_of_initialization                 cinit        000A7
i1_get_time                           text54       00AD3
i1_timer_diff                         text53       00B2A
i1timer_diff@t                        cstackCOMMON 00070
i2c_master_read@buf                   cstackBANK0  00026
i2c_master_read@data                  cstackBANK0  0002B
i2c_master_read@device                cstackBANK0  0002A
i2c_master_read@len                   cstackBANK0  00027
i2c_master_read@ok                    cstackBANK0  0002C
i2c_master_read@reg                   cstackBANK0  00025
i2c_master_read_u16@data              cstackBANK0  0002F
i2c_master_read_u16@device            cstackBANK0  00032
i2c_master_read_u16@reg               cstackBANK0  0002E
i2c_master_read_u8@data               cstackBANK0  0002F
i2c_master_read_u8@device             cstackBANK0  00032
i2c_master_read_u8@reg                cstackBANK0  0002E
i2c_master_receive_byte@ack           cstackBANK0  00022
i2c_master_receive_byte@data          cstackBANK0  00023
i2c_master_send_byte@data             cstackBANK0  00024
i2c_master_write@buf                  cstackBANK0  00026
i2c_master_write@data                 cstackBANK0  0002B
i2c_master_write@device               cstackBANK0  0002A
i2c_master_write@len                  cstackBANK0  00028
i2c_master_write@ok                   cstackBANK0  0002D
i2c_master_write@reg                  cstackBANK0  00025
i2c_master_write_u32@data             cstackBANK0  00030
i2c_master_write_u32@device           cstackBANK0  00035
i2c_master_write_u32@reg              cstackBANK0  0002F
i2c_master_write_u8@data              cstackBANK0  00030
i2c_master_write_u8@device            cstackBANK0  00032
i2c_master_write_u8@reg               cstackBANK0  0002F
init_ram                              inittext     00ABE
int$flags                             (abs)        0007E
intlevel0                             functab      00000
intlevel1                             functab      00000
intlevel2                             functab      00000
intlevel3                             functab      00000
intlevel4                             functab      00000
intlevel5                             functab      00000
negotiate_optimal_pdo@i               cstackBANK1  000AF
negotiate_optimal_pdo@num_pdos        cstackBANK0  0004F
negotiate_optimal_pdo@ok              cstackBANK1  000B1
negotiate_optimal_pdo@opt_pdo_current cstackBANK1  000A4
negotiate_optimal_pdo@opt_pdo_power   cstackBANK1  000A0
negotiate_optimal_pdo@opt_pdo_voltage cstackBANK1  000A6
negotiate_optimal_pdo@pdo             cstackBANK1  000B3
negotiate_optimal_pdo@pdo_current     cstackBANK1  000AD
negotiate_optimal_pdo@pdo_power       cstackBANK1  000A9
negotiate_optimal_pdo@pdo_voltage     cstackBANK1  000B7
negotiate_optimal_pdo@src_pdos        cstackBANK1  000A8
readADC@channel                       cstackBANK0  00025
reset@ok                              cstackBANK0  00038
reset@res                             cstackBANK0  00037
reset_vec                             reset_vec    00000
start                                 init         00068
start_initialization                  cinit        0006D
stusb_negotiate@buffer                cstackBANK1  000B9
stusb_negotiate@header                cstackBANK1  000E1
timer_diff@t                          cstackBANK0  00021
write_pdo@current_mA                  cstackBANK0  0003A
write_pdo@pdo                         cstackBANK0  0004B
write_pdo@pdo_num                     cstackBANK0  0003E
write_pdo@voltage_mV                  cstackBANK0  0003C
[...]
 Registers used:
		wreg, status,2, status,0, pclath, cstack
 Tracked objects:
		On entry : 
		On exit  : 
		Unchanged: 
 Data sizes:     COMMON   BANK0   BANK1   BANK2   BANK3   BANK4   BANK5   BANK6
      Params:         0       0       0       0       0       0       0       0
      Locals:         0       3       0       0       0       0       0       0
      Temps:          0       2       0       0       0       0       0       0
      Totals:         0       5       0       0       0       0       0       0
Total ram usage:        5 bytes
 Hardware stack levels used:    1
 Hardware stack levels required when called:    5
 This function calls:
		_BQ_Read
 This function is called by:
		_BQ_UPDATE
 This function uses a non-reentrant model


 *************** function _BQ_Read *****************
 Defined at:
		line 24 in file "BQ25895M.c"
 Parameters:    Size  Location     Type
  reg             1    wreg     unsigned char 
 Auto vars:     Size  Location     Type
  reg             1    7[BANK0 ] unsigned char 
  data            1    8[BANK0 ] unsigned char 
 Return value:  Size  Location     Type
                  2    3[BANK0 ] unsigned short 
 Registers used:
		wreg, status,2, status,0, pclath, cstack
 Tracked objects:
		On entry : 
		On exit  : 
		Unchanged: 
 Data sizes:     COMMON   BANK0   BANK1   BANK2   BANK3   BANK4   BANK5   BANK6
      Params:         0       2       0       0       0       0       0       0
      Locals:         0       2       0       0       0       0       0       0
      Temps:          0       2       0       0       0       0       0       0
      Totals:         0       6       0       0       0       0       0       0
Total ram usage:        6 bytes
 Hardware stack levels used:    1
 Hardware stack levels required when called:    4
 This function calls:
		_I2C_Master_Read
		_I2C_Master_Start
		_I2C_Master_Stop
		_I2C_Master_Write
 This function is called by:
		_BQ_get_chrg_state
		_BQ_UPDATE
		_BQ_read_adc
 This function uses a non-reentrant model


 *************** function _I2C_Master_Read *****************
 Defined at:
		line 94 in file "I2C.c"
 Parameters:    Size  Location     Type
  ack             1    wreg     unsigned char 
 Auto vars:     Size  Location     Type
  ack             1    1[BANK0 ] unsigned char 
  data            1    2[BANK0 ] unsigned char 
 Return value:  Size  Location     Type
                  1    wreg      unsigned char 
 Registers used:
		wreg, status,2, status,0, pclath, cstack
 Tracked objects:
		On entry : 
		On exit  : 
		Unchanged: 
 Data sizes:     COMMON   BANK0   BANK1   BANK2   BANK3   BANK4   BANK5   BANK6
      Params:         0       0       0       0       0       0       0       0
      Locals:         0       2       0       0       0       0       0       0
      Temps:          0       1       0       0       0       0       0       0
      Totals:         0       3       0       0       0       0       0       0
Total ram usage:        3 bytes
 Hardware stack levels used:    1
 Hardware stack levels required when called:    3
 This function calls:
		_I2C_Master_Ack
		_I2C_Master_Wait
		_I2C_Master_nAck
 This function is called by:
		_BQ_Read
 This function uses a non-reentrant model


 *************** function _I2C_Master_nAck *****************
 Defined at:
		line 88 in file "I2C.c"
 Parameters:    Size  Location     Type
		None
 Auto vars:     Size  Location     Type
		None
 Return value:  Size  Location     Type
                  1    wreg      void 
 Registers used:
		None
 Tracked objects:
		On entry : 
		On exit  : 
		Unchanged: 
 Data sizes:     COMMON   BANK0   BANK1   BANK2   BANK3   BANK4   BANK5   BANK6
      Params:         0       0       0       0       0       0       0       0
      Locals:         0       0       0       0       0       0       0       0
      Temps:          0       0       0       0       0       0       0       0
      Totals:         0       0       0       0       0       0       0       0
Total ram usage:        0 bytes
 Hardware stack levels used:    1
 Hardware stack levels required when called:    2
 This function calls:
		Nothing
 This function is called by:
		_I2C_Master_Read
 This function uses a non-reentrant model


 *************** function _I2C_Master_Ack *****************
 Defined at:
		line 82 in file "I2C.c"
 Parameters:    Size  Location     Type
		None
 Auto vars:     Size  Location     Type
		None
 Return value:  Size  Location     Type
                  1    wreg      void 
 Registers used:
		None
 Tracked objects:
		On entry : 
		On exit  : 
		Unchanged: 
 Data sizes:     COMMON   BANK0   BANK1   BANK2   BANK3   BANK4   BANK5   BANK6
      Params:         0       0       0       0       0       0       0       0
      Locals:         0       0       0       0       0       0       0       0
      Temps:          0       0       0       0       0       0       0       0
      Totals:         0       0       0       0       0       0       0       0
Total ram usage:        0 bytes
 Hardware stack levels used:    1
 Hardware stack levels required when called:    2
 This function calls:
		Nothing
 This function is called by:
		_I2C_Master_Read
 This function uses a non-reentrant model


 *************** function _BQ_INIT *****************
 Defined at:
		line 156 in file "BQ25895M.c"
 Parameters:    Size  Location     Type
		None
 Auto vars:     Size  Location     Type
		None
 Return value:  Size  Location     Type
                  1    wreg      void 
 Registers used:
		wreg, status,2, status,0, pclath, cstack
 Tracked objects:
		On entry : 
		On exit  : 
		Unchanged: 
 Data sizes:     COMMON   BANK0   BANK1   BANK2   BANK3   BANK4   BANK5   BANK6
      Params:         0       0       0       0       0       0       0       0
      Locals:         0       0       0       0       0       0       0       0
      Temps:          0       1       0       0       0       0       0       0
      Totals:         0       1       0       0       0       0       0       0
Total ram usage:        1 bytes
 Hardware stack levels used:    1
 Hardware stack levels required when called:    5
 This function calls:
		_BQ_Write
 This function is called by:
		_main
 This function uses a non-reentrant model


 *************** function _BQ_Write *****************
 Defined at:
		line 16 in file "BQ25895M.c"
 Parameters:    Size  Location     Type
  reg             1    wreg     unsigned char 
  data            1    1[BANK0 ] unsigned char 
 Auto vars:     Size  Location     Type
  reg             1    2[BANK0 ] unsigned char 
 Return value:  Size  Location     Type
                  1    wreg      void 
 Registers used:
		wreg, status,2, status,0, pclath, cstack
 Tracked objects:
		On entry : 
		On exit  : 
		Unchanged: 
 Data sizes:     COMMON   BANK0   BANK1   BANK2   BANK3   BANK4   BANK5   BANK6
      Params:         0       1       0       0       0       0       0       0
      Locals:         0       1       0       0       0       0       0       0
      Temps:          0       0       0       0       0       0       0       0
      Totals:         0       2       0       0       0       0       0       0
Total ram usage:        2 bytes
 Hardware stack levels used:    1
 Hardware stack levels required when called:    4
 This function calls:
		_I2C_Master_Start
		_I2C_Master_Stop
		_I2C_Master_Write
 This function is called by:
		_thermal_protection
		_main
		_BQ_UPDATE
		_BQ_INIT
		_BQ_read_adc
 This function uses a non-reentrant model


 *************** function _I2C_Master_Write *****************
 Defined at:
		line 76 in file "I2C.c"
 Parameters:    Size  Location     Type
  data            1    wreg     unsigned char 
 Auto vars:     Size  Location     Type
  data            1    0[BANK0 ] unsigned char 
 Return value:  Size  Location     Type
                  1    wreg      void 
 Registers used:
		wreg, status,2, status,0, pclath, cstack
 Tracked objects:
		On entry : 
		On exit  : 
		Unchanged: 
 Data sizes:     COMMON   BANK0   BANK1   BANK2   BANK3   BANK4   BANK5   BANK6
      Params:         0       0       0       0       0       0       0       0
      Locals:         0       1       0       0       0       0       0       0
      Temps:          0       0       0       0       0       0       0       0
      Totals:         0       1       0       0       0       0       0       0
Total ram usage:        1 bytes
 Hardware stack levels used:    1
 Hardware stack levels required when called:    3
 This function calls:
		_I2C_Master_Wait
 This function is called by:
		_BQ_Write
		_BQ_Read
 This function uses a non-reentrant model


 *************** function _I2C_Master_Stop *****************
 Defined at:
		line 70 in file "I2C.c"
 Parameters:    Size  Location     Type
		None
 Auto vars:     Size  Location     Type
		None
 Return value:  Size  Location     Type
                  1    wreg      void 
 Registers used:
		wreg, status,2, status,0, pclath, cstack
 Tracked objects:
		On entry : 
		On exit  : 
		Unchanged: 
 Data sizes:     COMMON   BANK0   BANK1   BANK2   BANK3   BANK4   BANK5   BANK6
      Params:         0       0       0       0       0       0       0       0
      Locals:         0       0       0       0       0       0       0       0
      Temps:          0       0       0       0       0       0       0       0
      Totals:         0       0       0       0       0       0       0       0
Total ram usage:        0 bytes
 Hardware stack levels used:    1
 Hardware stack levels required when called:    3
 This function calls:
		_I2C_Master_Wait
 This function is called by:
		_BQ_Write
		_BQ_Read
 This function uses a non-reentrant model


 *************** function _I2C_Master_Start *****************
 Defined at:
		line 58 in file "I2C.c"
 Parameters:    Size  Location     Type
		None
 Auto vars:     Size  Location     Type
		None
 Return value:  Size  Location     Type
                  1    wreg      void 
 Registers used:
		wreg, status,2, status,0, pclath, cstack
 Tracked objects:
		On entry : 
		On exit  : 
		Unchanged: 
 Data sizes:     COMMON   BANK0   BANK1   BANK2   BANK3   BANK4   BANK5   BANK6
      Params:         0       0       0       0       0       0       0       0
      Locals:         0       0       0       0       0       0       0       0
      Temps:          0       0       0       0       0       0       0       0
      Totals:         0       0       0       0       0       0       0       0
Total ram usage:        0 bytes
 Hardware stack levels used:    1
 Hardware stack levels required when called:    3
 This function calls:
		_I2C_Master_Wait
 This function is called by:
		_BQ_Write
		_BQ_Read
 This function uses a non-reentrant model


 *************** function _I2C_Master_Wait *****************
 Defined at:
		line 53 in file "I2C.c"
 Parameters:    Size  Location     Type
		None
 Auto vars:     Size  Location     Type
		None
 Return value:  Size  Location     Type
                  1    wreg      void 
 Registers used:
		wreg, status,2
 Tracked objects:
		On entry : 
		On exit  : 
		Unchanged: 
 Data sizes:     COMMON   BANK0   BANK1   BANK2   BANK3   BANK4   BANK5   BANK6
      Params:         0       0       0       0       0       0       0       0
      Locals:         0       0       0       0       0       0       0       0
      Temps:          0       0       0       0       0       0       0       0
      Totals:         0       0       0       0       0       0       0       0
Total ram usage:        0 bytes
 Hardware stack levels used:    1
 Hardware stack levels required when called:    2
 This function calls:
		Nothing
 This function is called by:
		_I2C_Master_Start
		_I2C_Master_Stop
		_I2C_Master_Write
		_I2C_Master_Read
		_I2C_Master_Repeated_Start
 This function uses a non-reentrant model


 *************** function _BQ_CONFIG_INIT *****************
 Defined at:
		line 144 in file "BQ25895M.c"
 Parameters:    Size  Location     Type
		None
 Auto vars:     Size  Location     Type
		None
 Return value:  Size  Location     Type
                  1    wreg      void 
 Registers used:
		wreg
 Tracked objects:
		On entry : 
		On exit  : 
		Unchanged: 
 Data sizes:     COMMON   BANK0   BANK1   BANK2   BANK3   BANK4   BANK5   BANK6
      Params:         0       0       0       0       0       0       0       0
      Locals:         0       0       0       0       0       0       0       0
      Temps:          0       1       0       0       0       0       0       0
      Totals:         0       1       0       0       0       0       0       0
Total ram usage:        1 bytes
 Hardware stack levels used:    1
 Hardware stack levels required when called:    2
 This function calls:
		Nothing
 This function is called by:
		_main
 This function uses a non-reentrant model


 *************** function _ISR *****************
 Defined at:
		line 63 in file "main.c"
 Parameters:    Size  Location     Type
		None
 Auto vars:     Size  Location     Type
		None
 Return value:  Size  Location     Type
                  1    wreg      void 
 Registers used:
		wreg, status,2, status,0, pclath, cstack
 Tracked objects:
		On entry : 
		On exit  : 
		Unchanged: 
 Data sizes:     COMMON   BANK0   BANK1   BANK2   BANK3   BANK4   BANK5   BANK6
      Params:         0       0       0       0       0       0       0       0
      Locals:         0       0       0       0       0       0       0       0
      Temps:          0       0       0       0       0       0       0       0
      Totals:         0       0       0       0       0       0       0       0
Total ram usage:        0 bytes
 Hardware stack levels used:    1
 Hardware stack levels required when called:    1
 This function calls:
		i1_get_time
		i1_timer_diff
 This function is called by:
		Interrupt level 1
 This function uses a non-reentrant model


 *************** function i1_timer_diff *****************
 Defined at:
		line 17 in file "time.c"
 Parameters:    Size  Location     Type
  t               4    0[COMMON] unsigned long 
 Auto vars:     Size  Location     Type
		None
 Return value:  Size  Location     Type
                  4    0[COMMON] unsigned long 
 Registers used:
		wreg
 Tracked objects:
		On entry : 
		On exit  : 
		Unchanged: 
 Data sizes:     COMMON   BANK0   BANK1   BANK2   BANK3   BANK4   BANK5   BANK6
      Params:         4       0       0       0       0       0       0       0
      Locals:         0       0       0       0       0       0       0       0
      Temps:          4       0       0       0       0       0       0       0
      Totals:         8       0       0       0       0       0       0       0
Total ram usage:        8 bytes
 Hardware stack levels used:    1
 This function calls:
		Nothing
 This function is called by:
		_ISR
 This function uses a non-reentrant model


 *************** function i1_get_time *****************
 Defined at:
		line 13 in file "time.c"
 Parameters:    Size  Location     Type
		None
 Auto vars:     Size  Location     Type
		None
 Return value:  Size  Location     Type
                  4    0[COMMON] unsigned long 
 Registers used:
		wreg
 Tracked objects:
		On entry : 
		On exit  : 
		Unchanged: 
 Data sizes:     COMMON   BANK0   BANK1   BANK2   BANK3   BANK4   BANK5   BANK6
      Params:         4       0       0       0       0       0       0       0
      Locals:         0       0       0       0       0       0       0       0
      Temps:          0       0       0       0       0       0       0       0
      Totals:         4       0       0       0       0       0       0       0
Total ram usage:        4 bytes
 Hardware stack levels used:    1
 This function calls:
		Nothing
 This function is called by:
		_ISR
 This function uses a non-reentrant model



MODULE INFORMATION

Module		Function		Class		Link	Load	Size
i2c_driver_stusb4500.c
		_i2c_master_write_u8		CODE           	0BB6	0000	25
		_i2c_master_write		CODE           	0FA3	0000	94
		_i2c_master_write_u32		CODE           	0B86	0000	25
		_i2c_master_start		CODE           	0AAC	0000	7
		_i2c_master_receive_byte		CODE           	0C05	0000	31
		_i2c_master_send_byte		CODE           	0B57	0000	24
		_i2c_master_read_u8		CODE           	0B9E	0000	25
		_i2c_master_read		CODE           	05BC	0000	124
		_i2c_master_wait		CODE           	0AFF	0000	13
		_i2c_master_stop		CODE           	0AB2	0000	7
		_i2c_master_read_u16		CODE           	0B6E	0000	25
		_i2c_master_repeat_start		CODE           	0AA6	0000	7

i2c_driver_stusb4500.c estimated size: 407

time.c
		_timer_diff    		CODE           	0BE7	0000	31
		_get_time      		CODE           	0B19	0000	18

time.c estimated size: 49

C:\Program Files (x86)\Microchip\xc8\v2.10\pic\sources\c90\common\lwdiv.c
		___lwdiv       		CODE           	0DDA	0000	62

C:\Program Files (x86)\Microchip\xc8\v2.10\pic\sources\c90\common\lwdiv.c estimated size: 62

C:\Program Files (x86)\Microchip\xc8\v2.10\pic\sources\c90\common\awdiv.c
		___awdiv       		CODE           	0797	0000	97

C:\Program Files (x86)\Microchip\xc8\v2.10\pic\sources\c90\common\awdiv.c estimated size: 97

C:\Program Files (x86)\Microchip\xc8\v2.10\pic\sources\c90\common\Umul16.c
		___wmul        		CODE           	0C23	0000	33

C:\Program Files (x86)\Microchip\xc8\v2.10\pic\sources\c90\common\Umul16.c estimated size: 33

I2C.c
		_I2C_Master_Read		CODE           	0C64	0000	36
		_I2C_Master_nAck		CODE           	0A92	0000	5
		_I2C_Master_Wait		CODE           	0AE7	0000	13
		_I2C_Master_Init		CODE           	0D77	0000	48
		_I2C_Master_Stop		CODE           	0AA0	0000	7
		_I2C_bus_reset 		CODE           	0E5B	0000	75
		_I2C_Master_Write		CODE           	0ADD	0000	11
		_I2C_Master_Start		CODE           	0A9A	0000	7
		_I2C_Master_Ack		CODE           	0A8E	0000	5

I2C.c estimated size: 207

PPS.c
		_PPS_lock      		CODE           	0ACB	0000	9
		_PPS_unlock    		CODE           	0AC4	0000	8

PPS.c estimated size: 17

LED_INTERFACE.c
		_battery_fade  		CODE           	06B0	0000	121
		_chrg_led      		CODE           	04BD	0000	131
		_RGB_fade      		CODE           	0637	0000	122
		_flash_led     		CODE           	0EA5	0000	82
		_led_modes     		CODE           	0D22	0000	43
		_Map           		CODE           	0CAB	0000	38

LED_INTERFACE.c estimated size: 537

C:\Program Files (x86)\Microchip\xc8\v2.10\pic\sources\c90\common\__lldiv.c
		___lldiv       		CODE           	0F48	0000	92

C:\Program Files (x86)\Microchip\xc8\v2.10\pic\sources\c90\common\__lldiv.c estimated size: 92

C:\Program Files (x86)\Microchip\xc8\v2.10\pic\sources\c90\common\Umul32.c
		___lmul        		CODE           	0DA6	0000	53

C:\Program Files (x86)\Microchip\xc8\v2.10\pic\sources\c90\common\Umul32.c estimated size: 53

PWM.c
		_PWM_INIT      		CODE           	0E17	0000	69
		_PWM_power_down		CODE           	0AF3	0000	13

PWM.c estimated size: 82

shared
		i1_get_time    		CODE           	0AD3	0000	11
		__initialization		CODE           	006D	0000	59
		_nvm_config    		STRCODE        	07F7	0000	41
		i1_timer_diff  		CODE           	0B2A	0000	23

shared estimated size: 134

BQ25895M.c
		_BQ_CONFIG_INIT		CODE           	0C87	0000	37
		_BQ_Read       		CODE           	0CD0	0000	42
		_BQ_INIT       		CODE           	0EF6	0000	83
		_BQ_get_chrg_state		CODE           	0C43	0000	34
		_BQ_Write      		CODE           	0B40	0000	24
		_BQ_UPDATE     		CODE           	041C	0000	162

BQ25895M.c estimated size: 382

ADC.c
		_readADC       		CODE           	0CF9	0000	42

ADC.c estimated size: 42

stusb4500.c
		_negotiate_optimal_pdo		CODE           	00AB	0000	344
		_reset         		CODE           	0728	0000	112
		_write_pdo     		CODE           	053F	0000	126
		_stusb_negotiate		CODE           	0320	0000	253

stusb4500.c estimated size: 835

main.c
		_ISR           		CODE           	0004	0000	101
		_main          		CODE           	0202	0000	287
		_PIC_SETUP     		CODE           	0D4C	0000	44
		_thermal_protection		CODE           	0BCE	0000	26

main.c estimated size: 458

